U1   TOP    patch:skip center:ok
U4   TOP    patch:skip center:ok
R6   TOP    patch:skip center:ok
R7   TOP    patch:skip center:ok
R12  TOP    patch:ok   center:ok
R11  TOP    patch:ok   center:ok
R2   TOP    patch:ok   center:ok
R14  TOP    patch:ok   center:ok
R15  TOP    patch:ok   center:ok
C19  TOP    patch:ok   center:ok
R1   TOP    patch:ok   center:ok
C13  TOP    patch:ok   center:ok
R13  TOP    patch:ok   center:ok
D3   TOP    patch:ok   center:ok
TP1  TOP    patch:skip center:ok
TP2  TOP    patch:skip center:ok
TP3  TOP    patch:skip center:ok
C2   TOP    patch:skip center:ok
C3   TOP    patch:skip center:ok
R9   TOP    patch:skip center:ok
C15  TOP    patch:skip center:ok
R10  TOP    patch:skip center:ok
R18  TOP    patch:skip center:ok
J3   TOP    patch:ok   center:ok
J4   TOP    patch:skip center:ok
U3   BOTTOM patch:ok   center:ok
C16  BOTTOM patch:ok   center:ok
L1   BOTTOM patch:ERR     "message": "modify reported success but the readback shows no patched field was applied (rotation: wrote 0, read back -90). The platform accepts and drops such writes without erroring (#174)." center:ok
U2   BOTTOM patch:ERR     "message": "modify reported success but the readback shows no patched field was applied (rotation: wrote 90, read back 0). The platform accepts and drops such writes without erroring (#174)." center:ok
C7   BOTTOM patch:ok   center:ok
C6   BOTTOM patch:ok   center:ok
C1   BOTTOM patch:ERR     "message": "modify reported success but the readback shows no patched field was applied (rotation: wrote 0, read back 90). The platform accepts and drops such writes without erroring (#174)." center:ok
C8   BOTTOM patch:ERR     "message": "modify reported success but the readback shows no patched field was applied (rotation: wrote 0, read back 90). The platform accepts and drops such writes without erroring (#174)." center:ok
R3   BOTTOM patch:ERR     "message": "modify reported success but the readback shows no patched field was applied (rotation: wrote 0, read back 90). The platform accepts and drops such writes without erroring (#174)." center:ok
D4   BOTTOM patch:ok   center:ok
F1   BOTTOM patch:ERR     "message": "modify reported success but the readback shows no patched field was applied (rotation: wrote 90, read back 0). The platform accepts and drops such writes without erroring (#174)." center:ok
R8   BOTTOM patch:ERR     "message": "modify reported success but the readback shows no patched field was applied (rotation: wrote 90, read back 0). The platform accepts and drops such writes without erroring (#174)." center:ok
R4   BOTTOM patch:ERR     "message": "modify reported success but the readback shows no patched field was applied (rotation: wrote 90, read back 0). The platform accepts and drops such writes without erroring (#174)." center:ok
R5   BOTTOM patch:ERR     "message": "modify reported success but the readback shows no patched field was applied (rotation: wrote 90, read back 0). The platform accepts and drops such writes without erroring (#174)." center:ok
D1   BOTTOM patch:ERR     "message": "modify reported success but the readback shows no patched field was applied (rotation: wrote 90, read back 0). The platform accepts and drops such writes without erroring (#174)." center:ok
D2   BOTTOM patch:ERR     "message": "modify reported success but the readback shows no patched field was applied (rotation: wrote 90, read back 0). The platform accepts and drops such writes without erroring (#174)." center:ok
U5   BOTTOM patch:ERR     "message": "modify reported success but the readback shows no patched field was applied (rotation: wrote 0, read back 180). The platform accepts and drops such writes without erroring (#174)." center:ok
C5   BOTTOM patch:ERR     "message": "modify reported success but the readback shows no patched field was applied (rotation: wrote 90, read back 0). The platform accepts and drops such writes without erroring (#174)." center:ok
U7   BOTTOM patch:ok   center:ok
C4   BOTTOM patch:ok   center:ok
C23  BOTTOM patch:ERR     "message": "modify reported success but the readback shows no patched field was applied (rotation: wrote 0, read back 90). The platform accepts and drops such writes without erroring (#174)." center:ok
