U3   id=b2cbc24caa0ac39d layer:ok rot:ok center:ok
C16  id=748c4e2f0d4d3fa5 layer:ok rot:ok center:ok
L1   id=0eee316b1466509d layer:ok rot:ok center:ok
U2   id=3d776476579ee73b layer:ok rot:ok center:ok
C7   id=e413a137f46ebd14 layer:ok rot:ok center:ok
C6   id=d23090ab98d0c1ce layer:ok rot:ok center:ok
C1   id=b5ac84ada146fdbe layer:ok rot:ok center:ok
C8   id=0fdc161838e20558 layer:ok rot:ok center:ok
R3   id=d05938d190d37bf0 layer:ok rot:ok center:ok
D4   id=73a15d3e9dc147ca layer:done rot:ok center:ok
F1   id=c4d72302e2b250e9 layer:ok rot:ok center:ok
R8   id=19da32243673c317 layer:ok rot:ok center:ok
R4   id=aaeef3a21806c19a layer:ok rot:ok center:ok
R5   id=98a181097ef19a63 layer:ok rot:ok center:ok
D1   id=e1adaa699368aa84 layer:ok rot:ok center:ok
D2   id=dfef32f042289de1 layer:ok rot:ok center:ok
U5   id=123119d162a89f6a layer:ok rot:ok center:ok
C5   id=1e9fd4bda9906fd7 layer:ok rot:ok center:ok
U7   id=2caf0714b3855f62 layer:ok rot:ok center:ok
C4   id=ce35fd9e65fbaf4c layer:ok rot:ok center:ok
C23  id=8c21096b05e9b38c layer:ok rot:ok center:ok
