U1   TOP->TOP layer:- rot:- move:ok
C3   BOTTOM->TOP layer:ok rot:ok move:ok
C2   BOTTOM->TOP layer:ok rot:ok move:ok
C15  BOTTOM->TOP layer:ok rot:ok move:ok
R9   BOTTOM->TOP layer:ok rot:ok move:ok
J4   TOP->TOP layer:- rot:- move:ok
J2   TOP->TOP layer:- rot:- move:ok
J3   TOP->TOP layer:- rot:- move:ok
C13  TOP->BOTTOM layer:ok rot:ok move:ok
R13  TOP->BOTTOM layer:ok rot:ok move:ok
R6   TOP->BOTTOM layer:ok rot:ok move:ok
R7   TOP->BOTTOM layer:ok rot:ok move:ok
U3   BOTTOM->BOTTOM layer:- rot:- move:ok
C16  BOTTOM->BOTTOM layer:- rot:- move:ok
R2   TOP->BOTTOM layer:ok rot:ok move:ok
R11  TOP->BOTTOM layer:ok rot:ok move:ok
R12  TOP->BOTTOM layer:ok rot:ok move:ok
R1   TOP->BOTTOM layer:ok rot:ok move:ok
R14  TOP->BOTTOM layer:ok rot:ok move:ok
R15  TOP->BOTTOM layer:ok rot:ok move:ok
C19  TOP->BOTTOM layer:ok rot:ok move:ok
R10  BOTTOM->BOTTOM layer:- rot:ok move:ok
R18  BOTTOM->BOTTOM layer:- rot:- move:ok
D1   BOTTOM->BOTTOM layer:- rot:- move:ok
D2   BOTTOM->BOTTOM layer:- rot:ok move:ok
R4   BOTTOM->BOTTOM layer:- rot:- move:ok
R5   BOTTOM->BOTTOM layer:- rot:ok move:ok
F1   BOTTOM->BOTTOM layer:- rot:ok move:ok
R8   BOTTOM->BOTTOM layer:- rot:- move:ok
D4   BOTTOM->BOTTOM layer:- rot:ok move:ok
U5   BOTTOM->BOTTOM layer:- rot:- move:ok
C5   BOTTOM->BOTTOM layer:- rot:ok move:ok
U7   BOTTOM->BOTTOM layer:- rot:- move:ok
C4   BOTTOM->BOTTOM layer:- rot:- move:ok
C23  BOTTOM->BOTTOM layer:- rot:ok move:ok
