U1 "verified": true
R6 "verified": true
R7 "verified": true
D3 "verified": true
R13 "verified": true
U4 "verified": true
C13 "verified": true
R1 "verified": true
R11 "verified": true
R12 "verified": true
R2 "verified": true
R14 "verified": true
R15 "verified": true
C19 "verified": true
TP1 "verified": true
TP2 "verified": true
TP3 "verified": true
C2 "verified": true
C3 "verified": true
R9 "verified": true
C15 "verified": true
R10 "verified": true
R18 "verified": true
J4 "verified": true
U3 "verified": true
C16 "verified": true
U5 "verified": true
U7 "verified": true
C23 "verified": true
C4 "verified": true
C5 "verified": true
C6 "verified": true
C7 "verified": true
L1 "verified": true
U2 "verified": true
C1 "verified": true
R3 "verified": true
C8 "verified": true
D4 "verified": true
F1 "verified": true
R8 "verified": true
R4 "verified": true
R5 "verified": true
D1 "verified": true
D2 "verified": true
