J4   TOP->TOP layer:- rot:ok move:ok
J2   BOTTOM->TOP layer:ok rot:ok move:ok
J3   TOP->TOP layer:- rot:ok move:ok
C2   TOP->BOTTOM layer:ok rot:ok move:ok
C3   TOP->BOTTOM layer:ok rot:ok move:ok
R9   TOP->BOTTOM layer:ok rot:ok move:ok
C15  TOP->BOTTOM layer:ok rot:ok move:ok
R10  TOP->BOTTOM layer:ok rot:ok move:ok
R18  TOP->BOTTOM layer:ok rot:ok move:ok
U3   TOP->BOTTOM layer:ok rot:ok move:ok
C16  TOP->BOTTOM layer:ok rot:ok move:ok
TP1  TOP->BOTTOM layer:ok rot:ok move:ok
TP2  TOP->BOTTOM layer:ok rot:ok move:ok
TP3  TOP->BOTTOM layer:ok rot:ok move:ok
J1   BOTTOM->BOTTOM layer:- rot:- move:ok
R4   BOTTOM->BOTTOM layer:- rot:- move:ok
R5   BOTTOM->BOTTOM layer:- rot:- move:ok
D1   BOTTOM->BOTTOM layer:- rot:- move:ok
D2   BOTTOM->BOTTOM layer:- rot:- move:ok
F1   BOTTOM->BOTTOM layer:- rot:- move:ok
R8   BOTTOM->BOTTOM layer:- rot:- move:ok
D4   TOP->BOTTOM layer:ok rot:ok move:ok
U7   TOP->BOTTOM layer:ok rot:ok move:ok
C4   TOP->BOTTOM layer:ok rot:ok move:ok
C23  TOP->BOTTOM layer:ok rot:ok move:ok
U5   TOP->BOTTOM layer:ok rot:ok move:ok
C5   TOP->BOTTOM layer:ok rot:ok move:ok
C6   TOP->BOTTOM layer:ok rot:ok move:ok
C7   TOP->BOTTOM layer:ok rot:ok move:ok
L1   TOP->BOTTOM layer:ok rot:ok move:ok
U2   TOP->BOTTOM layer:ok rot:ok move:ok
C8   TOP->BOTTOM layer:ok rot:ok move:ok
R3   TOP->BOTTOM layer:ok rot:ok move:ok
C1   TOP->BOTTOM layer:ok rot:ok move:ok
