⚠ 2 pre-existing geometry finding(s) retained as diagnostics; this validates the added wire, not the whole page.
{
  "id": "req_19",
  "type": "response",
  "version": "v1",
  "createdAt": "2026-10-07T00:43:34.9047096Z",
  "ok": true,
  "result": {
    "appliedRotation": 90,
    "direction": "left",
    "endPoint": {
      "x": 1685,
      "y": 905
    },
    "flagPrimitiveId": "67b231303ae390d6",
    "geometryGuard": {
      "baselineFindings": [
        {
          "type": "pin-exit-direction",
          "level": "ERROR",
          "designator": "J4",
          "primitiveId": "77744783f98bf8c6",
          "wirePrimitiveId": "f7d195ede2a64fa8",
          "pins": [
            "1"
          ],
          "message": "pin 1 outward rotation 90° requires its first wire segment to leave outward; segment 0 (330,260)→(265,260) does not",
          "at": {
            "x": 265,
            "y": 260
          },
          "segment": [
            {
              "x": 330,
              "y": 260
            },
            {
              "x": 265,
              "y": 260
            }
          ]
        },
        {
          "type": "pin-exit-direction",
          "level": "ERROR",
          "designator": "J4",
          "primitiveId": "77744783f98bf8c6",
          "wirePrimitiveId": "75712bb4840a7984",
          "pins": [
            "2"
          ],
          "message": "pin 2 outward rotation 90° requires its first wire segment to leave outward; segment 0 (210,260)→(255,260) does not",
          "at": {
            "x": 255.00000000000003,
            "y": 260
          },
          "segment": [
            {
              "x": 210,
              "y": 260
            },
            {
              "x": 255,
              "y": 260
            }
          ]
        }
      ],
      "passed": true,
      "phase": "readback",
      "preexistingFindings": 2,
      "readbackAttempts": 1,
      "scope": "pin-exit-direction/wire-through-body/wire-coverage/wire-contact-topology"
    },
    "offset": 60,
    "rotation": 270,
    "wirePrimitiveId": "f603660605ebbacd"
  },
  "context": {
    "projectUuid": "8c5d0d86032348a0a6c85102fe97607e",
    "projectName": "AI_figure",
    "documentUuid": "98cfe13509bc1f5c",
    "documentType": "schematic",
    "tabId": "98cfe13509bc1f5c@8c5d0d86032348a0a6c85102fe97607e"
  },
  "warnings": [
    "2 pre-existing geometry finding(s) retained as diagnostics; this validates the added wire, not the whole page."
  ],
  "seq": 746,
  "seqAbandoned": 5,
  "abandonedIds": [
    "req_29",
    "req_1003",
    "req_1117",
    "req_1124",
    "req_1140"
  ]
}
⚠ 2 pre-existing geometry finding(s) retained as diagnostics; this validates the added wire, not the whole page.
{
  "id": "req_21",
  "type": "response",
  "version": "v1",
  "createdAt": "2026-10-07T00:43:37.5192427Z",
  "ok": true,
  "result": {
    "appliedRotation": 180,
    "direction": "left",
    "endPoint": {
      "x": 1725,
      "y": 895
    },
    "flagPrimitiveId": "b77e40ef06899f20",
    "geometryGuard": {
      "baselineFindings": [
        {
          "type": "pin-exit-direction",
          "level": "ERROR",
          "designator": "J4",
          "primitiveId": "77744783f98bf8c6",
          "wirePrimitiveId": "f7d195ede2a64fa8",
          "pins": [
            "1"
          ],
          "message": "pin 1 outward rotation 90° requires its first wire segment to leave outward; segment 0 (330,260)→(265,260) does not",
          "at": {
            "x": 265,
            "y": 260
          },
          "segment": [
            {
              "x": 330,
              "y": 260
            },
            {
              "x": 265,
              "y": 260
            }
          ]
        },
        {
          "type": "pin-exit-direction",
          "level": "ERROR",
          "designator": "J4",
          "primitiveId": "77744783f98bf8c6",
          "wirePrimitiveId": "75712bb4840a7984",
          "pins": [
            "2"
          ],
          "message": "pin 2 outward rotation 90° requires its first wire segment to leave outward; segment 0 (210,260)→(255,260) does not",
          "at": {
            "x": 255.00000000000003,
            "y": 260
          },
          "segment": [
            {
              "x": 210,
              "y": 260
            },
            {
              "x": 255,
              "y": 260
            }
          ]
        }
      ],
      "passed": true,
      "phase": "readback",
      "preexistingFindings": 2,
      "readbackAttempts": 1,
      "scope": "pin-exit-direction/wire-through-body/wire-coverage/wire-contact-topology"
    },
    "offset": 20,
    "rotation": 180,
    "wirePrimitiveId": "4a2c60d7bb1abb90"
  },
  "context": {
    "projectUuid": "8c5d0d86032348a0a6c85102fe97607e",
    "projectName": "AI_figure",
    "documentUuid": "98cfe13509bc1f5c",
    "documentType": "schematic",
    "tabId": "98cfe13509bc1f5c@8c5d0d86032348a0a6c85102fe97607e"
  },
  "warnings": [
    "2 pre-existing geometry finding(s) retained as diagnostics; this validates the added wire, not the whole page."
  ],
  "seq": 750,
  "seqAbandoned": 5,
  "abandonedIds": [
    "req_29",
    "req_1003",
    "req_1117",
    "req_1124",
    "req_1140"
  ]
}
⚠ 2 pre-existing geometry finding(s) retained as diagnostics; this validates the added wire, not the whole page.
{
  "id": "req_23",
  "type": "response",
  "version": "v1",
  "createdAt": "2026-10-07T00:43:39.6891645Z",
  "ok": true,
  "result": {
    "appliedRotation": 180,
    "direction": "left",
    "endPoint": {
      "x": 1685,
      "y": 885
    },
    "flagPrimitiveId": "e05490107d27f234",
    "geometryGuard": {
      "baselineFindings": [
        {
          "type": "pin-exit-direction",
          "level": "ERROR",
          "designator": "J4",
          "primitiveId": "77744783f98bf8c6",
          "wirePrimitiveId": "f7d195ede2a64fa8",
          "pins": [
            "1"
          ],
          "message": "pin 1 outward rotation 90° requires its first wire segment to leave outward; segment 0 (330,260)→(265,260) does not",
          "at": {
            "x": 265,
            "y": 260
          },
          "segment": [
            {
              "x": 330,
              "y": 260
            },
            {
              "x": 265,
              "y": 260
            }
          ]
        },
        {
          "type": "pin-exit-direction",
          "level": "ERROR",
          "designator": "J4",
          "primitiveId": "77744783f98bf8c6",
          "wirePrimitiveId": "75712bb4840a7984",
          "pins": [
            "2"
          ],
          "message": "pin 2 outward rotation 90° requires its first wire segment to leave outward; segment 0 (210,260)→(255,260) does not",
          "at": {
            "x": 255.00000000000003,
            "y": 260
          },
          "segment": [
            {
              "x": 210,
              "y": 260
            },
            {
              "x": 255,
              "y": 260
            }
          ]
        }
      ],
      "passed": true,
      "phase": "readback",
      "preexistingFindings": 2,
      "readbackAttempts": 1,
      "scope": "pin-exit-direction/wire-through-body/wire-coverage/wire-contact-topology"
    },
    "offset": 60,
    "rotation": 180,
    "wirePrimitiveId": "d50ffed514aab28f"
  },
  "context": {
    "projectUuid": "8c5d0d86032348a0a6c85102fe97607e",
    "projectName": "AI_figure",
    "documentUuid": "98cfe13509bc1f5c",
    "documentType": "schematic",
    "tabId": "98cfe13509bc1f5c@8c5d0d86032348a0a6c85102fe97607e"
  },
  "warnings": [
    "2 pre-existing geometry finding(s) retained as diagnostics; this validates the added wire, not the whole page."
  ],
  "seq": 754,
  "seqAbandoned": 5,
  "abandonedIds": [
    "req_29",
    "req_1003",
    "req_1117",
    "req_1124",
    "req_1140"
  ]
}
⚠ 2 pre-existing geometry finding(s) retained as diagnostics; this validates the added wire, not the whole page.
{
  "id": "req_25",
  "type": "response",
  "version": "v1",
  "createdAt": "2026-10-07T00:43:41.684387Z",
  "ok": true,
  "result": {
    "appliedRotation": 180,
    "direction": "left",
    "endPoint": {
      "x": 1725,
      "y": 875
    },
    "flagPrimitiveId": "30cf51644cb0cacf",
    "geometryGuard": {
      "baselineFindings": [
        {
          "type": "pin-exit-direction",
          "level": "ERROR",
          "designator": "J4",
          "primitiveId": "77744783f98bf8c6",
          "wirePrimitiveId": "f7d195ede2a64fa8",
          "pins": [
            "1"
          ],
          "message": "pin 1 outward rotation 90° requires its first wire segment to leave outward; segment 0 (330,260)→(265,260) does not",
          "at": {
            "x": 265,
            "y": 260
          },
          "segment": [
            {
              "x": 330,
              "y": 260
            },
            {
              "x": 265,
              "y": 260
            }
          ]
        },
        {
          "type": "pin-exit-direction",
          "level": "ERROR",
          "designator": "J4",
          "primitiveId": "77744783f98bf8c6",
          "wirePrimitiveId": "75712bb4840a7984",
          "pins": [
            "2"
          ],
          "message": "pin 2 outward rotation 90° requires its first wire segment to leave outward; segment 0 (210,260)→(255,260) does not",
          "at": {
            "x": 255.00000000000003,
            "y": 260
          },
          "segment": [
            {
              "x": 210,
              "y": 260
            },
            {
              "x": 255,
              "y": 260
            }
          ]
        }
      ],
      "passed": true,
      "phase": "readback",
      "preexistingFindings": 2,
      "readbackAttempts": 1,
      "scope": "pin-exit-direction/wire-through-body/wire-coverage/wire-contact-topology"
    },
    "offset": 20,
    "rotation": 180,
    "wirePrimitiveId": "856927af721865d7"
  },
  "context": {
    "projectUuid": "8c5d0d86032348a0a6c85102fe97607e",
    "projectName": "AI_figure",
    "documentUuid": "98cfe13509bc1f5c",
    "documentType": "schematic",
    "tabId": "98cfe13509bc1f5c@8c5d0d86032348a0a6c85102fe97607e"
  },
  "warnings": [
    "2 pre-existing geometry finding(s) retained as diagnostics; this validates the added wire, not the whole page."
  ],
  "seq": 758,
  "seqAbandoned": 5,
  "abandonedIds": [
    "req_29",
    "req_1003",
    "req_1117",
    "req_1124",
    "req_1140"
  ]
}
⚠ 2 pre-existing geometry finding(s) retained as diagnostics; this validates the added wire, not the whole page.
{
  "id": "req_27",
  "type": "response",
  "version": "v1",
  "createdAt": "2026-10-07T00:43:43.8320758Z",
  "ok": true,
  "result": {
    "appliedRotation": 180,
    "direction": "left",
    "endPoint": {
      "x": 1685,
      "y": 865
    },
    "flagPrimitiveId": "370a013cd22d2277",
    "geometryGuard": {
      "baselineFindings": [
        {
          "type": "pin-exit-direction",
          "level": "ERROR",
          "designator": "J4",
          "primitiveId": "77744783f98bf8c6",
          "wirePrimitiveId": "f7d195ede2a64fa8",
          "pins": [
            "1"
          ],
          "message": "pin 1 outward rotation 90° requires its first wire segment to leave outward; segment 0 (330,260)→(265,260) does not",
          "at": {
            "x": 265,
            "y": 260
          },
          "segment": [
            {
              "x": 330,
              "y": 260
            },
            {
              "x": 265,
              "y": 260
            }
          ]
        },
        {
          "type": "pin-exit-direction",
          "level": "ERROR",
          "designator": "J4",
          "primitiveId": "77744783f98bf8c6",
          "wirePrimitiveId": "75712bb4840a7984",
          "pins": [
            "2"
          ],
          "message": "pin 2 outward rotation 90° requires its first wire segment to leave outward; segment 0 (210,260)→(255,260) does not",
          "at": {
            "x": 255.00000000000003,
            "y": 260
          },
          "segment": [
            {
              "x": 210,
              "y": 260
            },
            {
              "x": 255,
              "y": 260
            }
          ]
        }
      ],
      "passed": true,
      "phase": "readback",
      "preexistingFindings": 2,
      "readbackAttempts": 1,
      "scope": "pin-exit-direction/wire-through-body/wire-coverage/wire-contact-topology"
    },
    "offset": 60,
    "rotation": 180,
    "wirePrimitiveId": "8b0db9ba4c4bdfd9"
  },
  "context": {
    "projectUuid": "8c5d0d86032348a0a6c85102fe97607e",
    "projectName": "AI_figure",
    "documentUuid": "98cfe13509bc1f5c",
    "documentType": "schematic",
    "tabId": "98cfe13509bc1f5c@8c5d0d86032348a0a6c85102fe97607e"
  },
  "warnings": [
    "2 pre-existing geometry finding(s) retained as diagnostics; this validates the added wire, not the whole page."
  ],
  "seq": 762,
  "seqAbandoned": 5,
  "abandonedIds": [
    "req_29",
    "req_1003",
    "req_1117",
    "req_1124",
    "req_1140"
  ]
}
⚠ 2 pre-existing geometry finding(s) retained as diagnostics; this validates the added wire, not the whole page.
{
  "id": "req_29",
  "type": "response",
  "version": "v1",
  "createdAt": "2026-10-07T00:43:45.9815955Z",
  "ok": true,
  "result": {
    "appliedRotation": 180,
    "direction": "left",
    "endPoint": {
      "x": 1725,
      "y": 845
    },
    "flagPrimitiveId": "ba277f3bdd32978f",
    "geometryGuard": {
      "baselineFindings": [
        {
          "type": "pin-exit-direction",
          "level": "ERROR",
          "designator": "J4",
          "primitiveId": "77744783f98bf8c6",
          "wirePrimitiveId": "f7d195ede2a64fa8",
          "pins": [
            "1"
          ],
          "message": "pin 1 outward rotation 90° requires its first wire segment to leave outward; segment 0 (330,260)→(265,260) does not",
          "at": {
            "x": 265,
            "y": 260
          },
          "segment": [
            {
              "x": 330,
              "y": 260
            },
            {
              "x": 265,
              "y": 260
            }
          ]
        },
        {
          "type": "pin-exit-direction",
          "level": "ERROR",
          "designator": "J4",
          "primitiveId": "77744783f98bf8c6",
          "wirePrimitiveId": "75712bb4840a7984",
          "pins": [
            "2"
          ],
          "message": "pin 2 outward rotation 90° requires its first wire segment to leave outward; segment 0 (210,260)→(255,260) does not",
          "at": {
            "x": 255.00000000000003,
            "y": 260
          },
          "segment": [
            {
              "x": 210,
              "y": 260
            },
            {
              "x": 255,
              "y": 260
            }
          ]
        }
      ],
      "passed": true,
      "phase": "readback",
      "preexistingFindings": 2,
      "readbackAttempts": 1,
      "scope": "pin-exit-direction/wire-through-body/wire-coverage/wire-contact-topology"
    },
    "offset": 20,
    "rotation": 180,
    "wirePrimitiveId": "2e74b8415aea531b"
  },
  "context": {
    "projectUuid": "8c5d0d86032348a0a6c85102fe97607e",
    "projectName": "AI_figure",
    "documentUuid": "98cfe13509bc1f5c",
    "documentType": "schematic",
    "tabId": "98cfe13509bc1f5c@8c5d0d86032348a0a6c85102fe97607e"
  },
  "warnings": [
    "2 pre-existing geometry finding(s) retained as diagnostics; this validates the added wire, not the whole page."
  ],
  "seq": 766,
  "seqAbandoned": 5,
  "abandonedIds": [
    "req_29",
    "req_1003",
    "req_1117",
    "req_1124",
    "req_1140"
  ]
}
⚠ 2 pre-existing geometry finding(s) retained as diagnostics; this validates the added wire, not the whole page.
{
  "id": "req_31",
  "type": "response",
  "version": "v1",
  "createdAt": "2026-10-07T00:43:49.1200308Z",
  "ok": true,
  "result": {
    "appliedRotation": 90,
    "direction": "left",
    "endPoint": {
      "x": 1685,
      "y": 835
    },
    "flagPrimitiveId": "41bdab776293ddf6",
    "geometryGuard": {
      "baselineFindings": [
        {
          "type": "pin-exit-direction",
          "level": "ERROR",
          "designator": "J4",
          "primitiveId": "77744783f98bf8c6",
          "wirePrimitiveId": "f7d195ede2a64fa8",
          "pins": [
            "1"
          ],
          "message": "pin 1 outward rotation 90° requires its first wire segment to leave outward; segment 0 (330,260)→(265,260) does not",
          "at": {
            "x": 265,
            "y": 260
          },
          "segment": [
            {
              "x": 330,
              "y": 260
            },
            {
              "x": 265,
              "y": 260
            }
          ]
        },
        {
          "type": "pin-exit-direction",
          "level": "ERROR",
          "designator": "J4",
          "primitiveId": "77744783f98bf8c6",
          "wirePrimitiveId": "75712bb4840a7984",
          "pins": [
            "2"
          ],
          "message": "pin 2 outward rotation 90° requires its first wire segment to leave outward; segment 0 (210,260)→(255,260) does not",
          "at": {
            "x": 255.00000000000003,
            "y": 260
          },
          "segment": [
            {
              "x": 210,
              "y": 260
            },
            {
              "x": 255,
              "y": 260
            }
          ]
        }
      ],
      "passed": true,
      "phase": "readback",
      "preexistingFindings": 2,
      "readbackAttempts": 1,
      "scope": "pin-exit-direction/wire-through-body/wire-coverage/wire-contact-topology"
    },
    "offset": 60,
    "rotation": 270,
    "wirePrimitiveId": "a93a1d453d1eab81"
  },
  "context": {
    "projectUuid": "8c5d0d86032348a0a6c85102fe97607e",
    "projectName": "AI_figure",
    "documentUuid": "98cfe13509bc1f5c",
    "documentType": "schematic",
    "tabId": "98cfe13509bc1f5c@8c5d0d86032348a0a6c85102fe97607e"
  },
  "warnings": [
    "2 pre-existing geometry finding(s) retained as diagnostics; this validates the added wire, not the whole page."
  ],
  "seq": 770,
  "seqAbandoned": 5,
  "abandonedIds": [
    "req_29",
    "req_1003",
    "req_1117",
    "req_1124",
    "req_1140"
  ]
}
⚠ 2 pre-existing geometry finding(s) retained as diagnostics; this validates the added wire, not the whole page.
{
  "id": "req_33",
  "type": "response",
  "version": "v1",
  "createdAt": "2026-10-07T00:43:51.2689667Z",
  "ok": true,
  "result": {
    "appliedRotation": 270,
    "direction": "right",
    "endPoint": {
      "x": 1895,
      "y": 905
    },
    "flagPrimitiveId": "bc49f0faae0c54ef",
    "geometryGuard": {
      "baselineFindings": [
        {
          "type": "pin-exit-direction",
          "level": "ERROR",
          "designator": "J4",
          "primitiveId": "77744783f98bf8c6",
          "wirePrimitiveId": "f7d195ede2a64fa8",
          "pins": [
            "1"
          ],
          "message": "pin 1 outward rotation 90° requires its first wire segment to leave outward; segment 0 (330,260)→(265,260) does not",
          "at": {
            "x": 265,
            "y": 260
          },
          "segment": [
            {
              "x": 330,
              "y": 260
            },
            {
              "x": 265,
              "y": 260
            }
          ]
        },
        {
          "type": "pin-exit-direction",
          "level": "ERROR",
          "designator": "J4",
          "primitiveId": "77744783f98bf8c6",
          "wirePrimitiveId": "75712bb4840a7984",
          "pins": [
            "2"
          ],
          "message": "pin 2 outward rotation 90° requires its first wire segment to leave outward; segment 0 (210,260)→(255,260) does not",
          "at": {
            "x": 255.00000000000003,
            "y": 260
          },
          "segment": [
            {
              "x": 210,
              "y": 260
            },
            {
              "x": 255,
              "y": 260
            }
          ]
        }
      ],
      "passed": true,
      "phase": "readback",
      "preexistingFindings": 2,
      "readbackAttempts": 1,
      "scope": "pin-exit-direction/wire-through-body/wire-coverage/wire-contact-topology"
    },
    "offset": 60,
    "rotation": 90,
    "wirePrimitiveId": "6d56c4250198fa1d"
  },
  "context": {
    "projectUuid": "8c5d0d86032348a0a6c85102fe97607e",
    "projectName": "AI_figure",
    "documentUuid": "98cfe13509bc1f5c",
    "documentType": "schematic",
    "tabId": "98cfe13509bc1f5c@8c5d0d86032348a0a6c85102fe97607e"
  },
  "warnings": [
    "2 pre-existing geometry finding(s) retained as diagnostics; this validates the added wire, not the whole page."
  ],
  "seq": 774,
  "seqAbandoned": 5,
  "abandonedIds": [
    "req_29",
    "req_1003",
    "req_1117",
    "req_1124",
    "req_1140"
  ]
}
⚠ 2 pre-existing geometry finding(s) retained as diagnostics; this validates the added wire, not the whole page.
{
  "id": "req_35",
  "type": "response",
  "version": "v1",
  "createdAt": "2026-10-07T00:43:54.3779735Z",
  "ok": true,
  "result": {
    "appliedRotation": 0,
    "direction": "right",
    "endPoint": {
      "x": 1855,
      "y": 895
    },
    "flagPrimitiveId": "5520e15ba9450af4",
    "geometryGuard": {
      "baselineFindings": [
        {
          "type": "pin-exit-direction",
          "level": "ERROR",
          "designator": "J4",
          "primitiveId": "77744783f98bf8c6",
          "wirePrimitiveId": "f7d195ede2a64fa8",
          "pins": [
            "1"
          ],
          "message": "pin 1 outward rotation 90° requires its first wire segment to leave outward; segment 0 (330,260)→(265,260) does not",
          "at": {
            "x": 265,
            "y": 260
          },
          "segment": [
            {
              "x": 330,
              "y": 260
            },
            {
              "x": 265,
              "y": 260
            }
          ]
        },
        {
          "type": "pin-exit-direction",
          "level": "ERROR",
          "designator": "J4",
          "primitiveId": "77744783f98bf8c6",
          "wirePrimitiveId": "75712bb4840a7984",
          "pins": [
            "2"
          ],
          "message": "pin 2 outward rotation 90° requires its first wire segment to leave outward; segment 0 (210,260)→(255,260) does not",
          "at": {
            "x": 255.00000000000003,
            "y": 260
          },
          "segment": [
            {
              "x": 210,
              "y": 260
            },
            {
              "x": 255,
              "y": 260
            }
          ]
        }
      ],
      "passed": true,
      "phase": "readback",
      "preexistingFindings": 2,
      "readbackAttempts": 1,
      "scope": "pin-exit-direction/wire-through-body/wire-coverage/wire-contact-topology"
    },
    "offset": 20,
    "rotation": 0,
    "wirePrimitiveId": "dff6cd9cf74c67dd"
  },
  "context": {
    "projectUuid": "8c5d0d86032348a0a6c85102fe97607e",
    "projectName": "AI_figure",
    "documentUuid": "98cfe13509bc1f5c",
    "documentType": "schematic",
    "tabId": "98cfe13509bc1f5c@8c5d0d86032348a0a6c85102fe97607e"
  },
  "warnings": [
    "2 pre-existing geometry finding(s) retained as diagnostics; this validates the added wire, not the whole page."
  ],
  "seq": 778,
  "seqAbandoned": 5,
  "abandonedIds": [
    "req_29",
    "req_1003",
    "req_1117",
    "req_1124",
    "req_1140"
  ]
}
⚠ 2 pre-existing geometry finding(s) retained as diagnostics; this validates the added wire, not the whole page.
{
  "id": "req_37",
  "type": "response",
  "version": "v1",
  "createdAt": "2026-10-07T00:43:56.5020424Z",
  "ok": true,
  "result": {
    "appliedRotation": 0,
    "direction": "right",
    "endPoint": {
      "x": 1895,
      "y": 885
    },
    "flagPrimitiveId": "91bbe100de483e59",
    "geometryGuard": {
      "baselineFindings": [
        {
          "type": "pin-exit-direction",
          "level": "ERROR",
          "designator": "J4",
          "primitiveId": "77744783f98bf8c6",
          "wirePrimitiveId": "f7d195ede2a64fa8",
          "pins": [
            "1"
          ],
          "message": "pin 1 outward rotation 90° requires its first wire segment to leave outward; segment 0 (330,260)→(265,260) does not",
          "at": {
            "x": 265,
            "y": 260
          },
          "segment": [
            {
              "x": 330,
              "y": 260
            },
            {
              "x": 265,
              "y": 260
            }
          ]
        },
        {
          "type": "pin-exit-direction",
          "level": "ERROR",
          "designator": "J4",
          "primitiveId": "77744783f98bf8c6",
          "wirePrimitiveId": "75712bb4840a7984",
          "pins": [
            "2"
          ],
          "message": "pin 2 outward rotation 90° requires its first wire segment to leave outward; segment 0 (210,260)→(255,260) does not",
          "at": {
            "x": 255.00000000000003,
            "y": 260
          },
          "segment": [
            {
              "x": 210,
              "y": 260
            },
            {
              "x": 255,
              "y": 260
            }
          ]
        }
      ],
      "passed": true,
      "phase": "readback",
      "preexistingFindings": 2,
      "readbackAttempts": 1,
      "scope": "pin-exit-direction/wire-through-body/wire-coverage/wire-contact-topology"
    },
    "offset": 60,
    "rotation": 0,
    "wirePrimitiveId": "0249a94616dd198e"
  },
  "context": {
    "projectUuid": "8c5d0d86032348a0a6c85102fe97607e",
    "projectName": "AI_figure",
    "documentUuid": "98cfe13509bc1f5c",
    "documentType": "schematic",
    "tabId": "98cfe13509bc1f5c@8c5d0d86032348a0a6c85102fe97607e"
  },
  "warnings": [
    "2 pre-existing geometry finding(s) retained as diagnostics; this validates the added wire, not the whole page."
  ],
  "seq": 782,
  "seqAbandoned": 5,
  "abandonedIds": [
    "req_29",
    "req_1003",
    "req_1117",
    "req_1124",
    "req_1140"
  ]
}
⚠ 2 pre-existing geometry finding(s) retained as diagnostics; this validates the added wire, not the whole page.
{
  "id": "req_39",
  "type": "response",
  "version": "v1",
  "createdAt": "2026-10-07T00:43:58.6029772Z",
  "ok": true,
  "result": {
    "appliedRotation": 0,
    "direction": "right",
    "endPoint": {
      "x": 1855,
      "y": 875
    },
    "flagPrimitiveId": "902c3fd37a69feda",
    "geometryGuard": {
      "baselineFindings": [
        {
          "type": "pin-exit-direction",
          "level": "ERROR",
          "designator": "J4",
          "primitiveId": "77744783f98bf8c6",
          "wirePrimitiveId": "f7d195ede2a64fa8",
          "pins": [
            "1"
          ],
          "message": "pin 1 outward rotation 90° requires its first wire segment to leave outward; segment 0 (330,260)→(265,260) does not",
          "at": {
            "x": 265,
            "y": 260
          },
          "segment": [
            {
              "x": 330,
              "y": 260
            },
            {
              "x": 265,
              "y": 260
            }
          ]
        },
        {
          "type": "pin-exit-direction",
          "level": "ERROR",
          "designator": "J4",
          "primitiveId": "77744783f98bf8c6",
          "wirePrimitiveId": "75712bb4840a7984",
          "pins": [
            "2"
          ],
          "message": "pin 2 outward rotation 90° requires its first wire segment to leave outward; segment 0 (210,260)→(255,260) does not",
          "at": {
            "x": 255.00000000000003,
            "y": 260
          },
          "segment": [
            {
              "x": 210,
              "y": 260
            },
            {
              "x": 255,
              "y": 260
            }
          ]
        }
      ],
      "passed": true,
      "phase": "readback",
      "preexistingFindings": 2,
      "readbackAttempts": 1,
      "scope": "pin-exit-direction/wire-through-body/wire-coverage/wire-contact-topology"
    },
    "offset": 20,
    "rotation": 0,
    "wirePrimitiveId": "ec3aceaf2924a898"
  },
  "context": {
    "projectUuid": "8c5d0d86032348a0a6c85102fe97607e",
    "projectName": "AI_figure",
    "documentUuid": "98cfe13509bc1f5c",
    "documentType": "schematic",
    "tabId": "98cfe13509bc1f5c@8c5d0d86032348a0a6c85102fe97607e"
  },
  "warnings": [
    "2 pre-existing geometry finding(s) retained as diagnostics; this validates the added wire, not the whole page."
  ],
  "seq": 786,
  "seqAbandoned": 5,
  "abandonedIds": [
    "req_29",
    "req_1003",
    "req_1117",
    "req_1124",
    "req_1140"
  ]
}
⚠ 2 pre-existing geometry finding(s) retained as diagnostics; this validates the added wire, not the whole page.
{
  "id": "req_41",
  "type": "response",
  "version": "v1",
  "createdAt": "2026-10-07T00:44:00.7192254Z",
  "ok": true,
  "result": {
    "appliedRotation": 0,
    "direction": "right",
    "endPoint": {
      "x": 1895,
      "y": 865
    },
    "flagPrimitiveId": "484086939ea012a7",
    "geometryGuard": {
      "baselineFindings": [
        {
          "type": "pin-exit-direction",
          "level": "ERROR",
          "designator": "J4",
          "primitiveId": "77744783f98bf8c6",
          "wirePrimitiveId": "f7d195ede2a64fa8",
          "pins": [
            "1"
          ],
          "message": "pin 1 outward rotation 90° requires its first wire segment to leave outward; segment 0 (330,260)→(265,260) does not",
          "at": {
            "x": 265,
            "y": 260
          },
          "segment": [
            {
              "x": 330,
              "y": 260
            },
            {
              "x": 265,
              "y": 260
            }
          ]
        },
        {
          "type": "pin-exit-direction",
          "level": "ERROR",
          "designator": "J4",
          "primitiveId": "77744783f98bf8c6",
          "wirePrimitiveId": "75712bb4840a7984",
          "pins": [
            "2"
          ],
          "message": "pin 2 outward rotation 90° requires its first wire segment to leave outward; segment 0 (210,260)→(255,260) does not",
          "at": {
            "x": 255.00000000000003,
            "y": 260
          },
          "segment": [
            {
              "x": 210,
              "y": 260
            },
            {
              "x": 255,
              "y": 260
            }
          ]
        }
      ],
      "passed": true,
      "phase": "readback",
      "preexistingFindings": 2,
      "readbackAttempts": 1,
      "scope": "pin-exit-direction/wire-through-body/wire-coverage/wire-contact-topology"
    },
    "offset": 60,
    "rotation": 0,
    "wirePrimitiveId": "b5ca9e08d435b9f5"
  },
  "context": {
    "projectUuid": "8c5d0d86032348a0a6c85102fe97607e",
    "projectName": "AI_figure",
    "documentUuid": "98cfe13509bc1f5c",
    "documentType": "schematic",
    "tabId": "98cfe13509bc1f5c@8c5d0d86032348a0a6c85102fe97607e"
  },
  "warnings": [
    "2 pre-existing geometry finding(s) retained as diagnostics; this validates the added wire, not the whole page."
  ],
  "seq": 790,
  "seqAbandoned": 5,
  "abandonedIds": [
    "req_29",
    "req_1003",
    "req_1117",
    "req_1124",
    "req_1140"
  ]
}
⚠ 2 pre-existing geometry finding(s) retained as diagnostics; this validates the added wire, not the whole page.
{
  "id": "req_43",
  "type": "response",
  "version": "v1",
  "createdAt": "2026-10-07T00:44:02.9113152Z",
  "ok": true,
  "result": {
    "appliedRotation": 0,
    "direction": "right",
    "endPoint": {
      "x": 1855,
      "y": 845
    },
    "flagPrimitiveId": "e9733e3c88ac4739",
    "geometryGuard": {
      "baselineFindings": [
        {
          "type": "pin-exit-direction",
          "level": "ERROR",
          "designator": "J4",
          "primitiveId": "77744783f98bf8c6",
          "wirePrimitiveId": "f7d195ede2a64fa8",
          "pins": [
            "1"
          ],
          "message": "pin 1 outward rotation 90° requires its first wire segment to leave outward; segment 0 (330,260)→(265,260) does not",
          "at": {
            "x": 265,
            "y": 260
          },
          "segment": [
            {
              "x": 330,
              "y": 260
            },
            {
              "x": 265,
              "y": 260
            }
          ]
        },
        {
          "type": "pin-exit-direction",
          "level": "ERROR",
          "designator": "J4",
          "primitiveId": "77744783f98bf8c6",
          "wirePrimitiveId": "75712bb4840a7984",
          "pins": [
            "2"
          ],
          "message": "pin 2 outward rotation 90° requires its first wire segment to leave outward; segment 0 (210,260)→(255,260) does not",
          "at": {
            "x": 255.00000000000003,
            "y": 260
          },
          "segment": [
            {
              "x": 210,
              "y": 260
            },
            {
              "x": 255,
              "y": 260
            }
          ]
        }
      ],
      "passed": true,
      "phase": "readback",
      "preexistingFindings": 2,
      "readbackAttempts": 1,
      "scope": "pin-exit-direction/wire-through-body/wire-coverage/wire-contact-topology"
    },
    "offset": 20,
    "rotation": 0,
    "wirePrimitiveId": "ca07cf383a66a867"
  },
  "context": {
    "projectUuid": "8c5d0d86032348a0a6c85102fe97607e",
    "projectName": "AI_figure",
    "documentUuid": "98cfe13509bc1f5c",
    "documentType": "schematic",
    "tabId": "98cfe13509bc1f5c@8c5d0d86032348a0a6c85102fe97607e"
  },
  "warnings": [
    "2 pre-existing geometry finding(s) retained as diagnostics; this validates the added wire, not the whole page."
  ],
  "seq": 794,
  "seqAbandoned": 5,
  "abandonedIds": [
    "req_29",
    "req_1003",
    "req_1117",
    "req_1124",
    "req_1140"
  ]
}
⚠ 2 pre-existing geometry finding(s) retained as diagnostics; this validates the added wire, not the whole page.
{
  "id": "req_45",
  "type": "response",
  "version": "v1",
  "createdAt": "2026-10-07T00:44:06.188288Z",
  "ok": true,
  "result": {
    "appliedRotation": 270,
    "direction": "right",
    "endPoint": {
      "x": 1895,
      "y": 835
    },
    "flagPrimitiveId": "4e386924358d8a33",
    "geometryGuard": {
      "baselineFindings": [
        {
          "type": "pin-exit-direction",
          "level": "ERROR",
          "designator": "J4",
          "primitiveId": "77744783f98bf8c6",
          "wirePrimitiveId": "f7d195ede2a64fa8",
          "pins": [
            "1"
          ],
          "message": "pin 1 outward rotation 90° requires its first wire segment to leave outward; segment 0 (330,260)→(265,260) does not",
          "at": {
            "x": 265,
            "y": 260
          },
          "segment": [
            {
              "x": 330,
              "y": 260
            },
            {
              "x": 265,
              "y": 260
            }
          ]
        },
        {
          "type": "pin-exit-direction",
          "level": "ERROR",
          "designator": "J4",
          "primitiveId": "77744783f98bf8c6",
          "wirePrimitiveId": "75712bb4840a7984",
          "pins": [
            "2"
          ],
          "message": "pin 2 outward rotation 90° requires its first wire segment to leave outward; segment 0 (210,260)→(255,260) does not",
          "at": {
            "x": 255.00000000000003,
            "y": 260
          },
          "segment": [
            {
              "x": 210,
              "y": 260
            },
            {
              "x": 255,
              "y": 260
            }
          ]
        }
      ],
      "passed": true,
      "phase": "readback",
      "preexistingFindings": 2,
      "readbackAttempts": 1,
      "scope": "pin-exit-direction/wire-through-body/wire-coverage/wire-contact-topology"
    },
    "offset": 60,
    "rotation": 90,
    "wirePrimitiveId": "c096853dd92a8bbc"
  },
  "context": {
    "projectUuid": "8c5d0d86032348a0a6c85102fe97607e",
    "projectName": "AI_figure",
    "documentUuid": "98cfe13509bc1f5c",
    "documentType": "schematic",
    "tabId": "98cfe13509bc1f5c@8c5d0d86032348a0a6c85102fe97607e"
  },
  "warnings": [
    "2 pre-existing geometry finding(s) retained as diagnostics; this validates the added wire, not the whole page."
  ],
  "seq": 798,
  "seqAbandoned": 5,
  "abandonedIds": [
    "req_29",
    "req_1003",
    "req_1117",
    "req_1124",
    "req_1140"
  ]
}
⚠ 2 pre-existing geometry finding(s) retained as diagnostics; this validates the added wire, not the whole page.
{
  "id": "req_47",
  "type": "response",
  "version": "v1",
  "createdAt": "2026-10-07T00:44:08.377882Z",
  "ok": true,
  "result": {
    "appliedRotation": 180,
    "direction": "up",
    "endPoint": {
      "x": 1790,
      "y": 945
    },
    "flagPrimitiveId": "dce0eac586c9b3d7",
    "geometryGuard": {
      "baselineFindings": [
        {
          "type": "pin-exit-direction",
          "level": "ERROR",
          "designator": "J4",
          "primitiveId": "77744783f98bf8c6",
          "wirePrimitiveId": "f7d195ede2a64fa8",
          "pins": [
            "1"
          ],
          "message": "pin 1 outward rotation 90° requires its first wire segment to leave outward; segment 0 (330,260)→(265,260) does not",
          "at": {
            "x": 265,
            "y": 260
          },
          "segment": [
            {
              "x": 330,
              "y": 260
            },
            {
              "x": 265,
              "y": 260
            }
          ]
        },
        {
          "type": "pin-exit-direction",
          "level": "ERROR",
          "designator": "J4",
          "primitiveId": "77744783f98bf8c6",
          "wirePrimitiveId": "75712bb4840a7984",
          "pins": [
            "2"
          ],
          "message": "pin 2 outward rotation 90° requires its first wire segment to leave outward; segment 0 (210,260)→(255,260) does not",
          "at": {
            "x": 255.00000000000003,
            "y": 260
          },
          "segment": [
            {
              "x": 210,
              "y": 260
            },
            {
              "x": 255,
              "y": 260
            }
          ]
        }
      ],
      "passed": true,
      "phase": "readback",
      "preexistingFindings": 2,
      "readbackAttempts": 1,
      "scope": "pin-exit-direction/wire-through-body/wire-coverage/wire-contact-topology"
    },
    "offset": 20,
    "rotation": 180,
    "wirePrimitiveId": "a8be457de064b824"
  },
  "context": {
    "projectUuid": "8c5d0d86032348a0a6c85102fe97607e",
    "projectName": "AI_figure",
    "documentUuid": "98cfe13509bc1f5c",
    "documentType": "schematic",
    "tabId": "98cfe13509bc1f5c@8c5d0d86032348a0a6c85102fe97607e"
  },
  "warnings": [
    "2 pre-existing geometry finding(s) retained as diagnostics; this validates the added wire, not the whole page."
  ],
  "seq": 802,
  "seqAbandoned": 5,
  "abandonedIds": [
    "req_29",
    "req_1003",
    "req_1117",
    "req_1124",
    "req_1140"
  ]
}
