⚠ 2 pre-existing geometry finding(s) retained as diagnostics; this validates the added wire, not the whole page.
{
  "id": "req_98",
  "type": "response",
  "version": "v1",
  "createdAt": "2026-10-07T00:48:01.0128823Z",
  "ok": true,
  "result": {
    "geometryGuard": {
      "baselineFindings": [
        {
          "type": "pin-exit-direction",
          "level": "ERROR",
          "designator": "J4",
          "primitiveId": "77744783f98bf8c6",
          "wirePrimitiveId": "f7d195ede2a64fa8",
          "pins": [
            "1"
          ],
          "message": "pin 1 outward rotation 90° requires its first wire segment to leave outward; segment 0 (330,260)→(265,260) does not",
          "at": {
            "x": 265,
            "y": 260
          },
          "segment": [
            {
              "x": 330,
              "y": 260
            },
            {
              "x": 265,
              "y": 260
            }
          ]
        },
        {
          "type": "pin-exit-direction",
          "level": "ERROR",
          "designator": "J4",
          "primitiveId": "77744783f98bf8c6",
          "wirePrimitiveId": "75712bb4840a7984",
          "pins": [
            "2"
          ],
          "message": "pin 2 outward rotation 90° requires its first wire segment to leave outward; segment 0 (210,260)→(255,260) does not",
          "at": {
            "x": 255.00000000000003,
            "y": 260
          },
          "segment": [
            {
              "x": 210,
              "y": 260
            },
            {
              "x": 255,
              "y": 260
            }
          ]
        }
      ],
      "passed": true,
      "phase": "readback",
      "preexistingFindings": 2,
      "readbackAttempts": 1,
      "scope": "pin-exit-direction/wire-through-body/wire-coverage/wire-contact-topology"
    },
    "line": [
      [
        1615,
        905,
        1625,
        905
      ],
      [
        1615,
        930,
        1615,
        905
      ],
      [
        1550,
        930,
        1615,
        930
      ]
    ],
    "net": "",
    "primitiveId": "f39e56424b4bb705"
  },
  "context": {
    "projectUuid": "8c5d0d86032348a0a6c85102fe97607e",
    "projectName": "AI_figure",
    "documentUuid": "98cfe13509bc1f5c",
    "documentType": "schematic",
    "tabId": "98cfe13509bc1f5c@8c5d0d86032348a0a6c85102fe97607e"
  },
  "warnings": [
    "2 pre-existing geometry finding(s) retained as diagnostics; this validates the added wire, not the whole page."
  ],
  "seq": 841,
  "seqAbandoned": 5,
  "abandonedIds": [
    "req_29",
    "req_1003",
    "req_1117",
    "req_1124",
    "req_1140"
  ]
}
提示: 手工画线可能被 EasyEDA 与共线导线自动合并成多网短路(sch check 不报)。跑 `easyeda sch bridge-check` + `easyeda sch read` 逐网对账确认。
{
  "id": "req_99",
  "type": "response",
  "version": "v1",
  "createdAt": "2026-10-07T00:48:02.0600678Z",
  "ok": true,
  "result": {
    "component": {
      "addIntoBom": true,
      "addIntoPcb": true,
      "component": {
        "libraryUuid": "0819f05c4eef4c71ace90d822a990e87",
        "name": "Netport-BI",
        "uuid": "c0018be1ba29e002"
      },
      "componentType": "netport",
      "device": {
        "libraryUuid": "0819f05c4eef4c71ace90d822a990e87",
        "name": "GND",
        "uuid": "c0018be1ba29e002"
      },
      "mirror": false,
      "name": "GND",
      "net": "GND",
      "otherProperty": {
        "Description": "Netport-BI",
        "Relevance": ""
      },
      "primitiveId": "600ae0acff47eb75",
      "rotation": 180,
      "subPartName": "pid8a0e77bacb214e",
      "symbol": {
        "libraryUuid": "0819f05c4eef4c71ace90d822a990e87",
        "name": "Netport-BI",
        "uuid": "9e5208e18122c23f"
      },
      "x": 1550,
      "y": 930
    },
    "primitiveId": "600ae0acff47eb75"
  },
  "context": {
    "projectUuid": "8c5d0d86032348a0a6c85102fe97607e",
    "projectName": "AI_figure",
    "documentUuid": "98cfe13509bc1f5c",
    "documentType": "schematic",
    "tabId": "98cfe13509bc1f5c@8c5d0d86032348a0a6c85102fe97607e"
  },
  "seq": 843,
  "seqAbandoned": 5,
  "abandonedIds": [
    "req_29",
    "req_1003",
    "req_1117",
    "req_1124",
    "req_1140"
  ]
}
⚠ 2 pre-existing geometry finding(s) retained as diagnostics; this validates the added wire, not the whole page.
{
  "id": "req_100",
  "type": "response",
  "version": "v1",
  "createdAt": "2026-10-07T00:48:02.955642Z",
  "ok": true,
  "result": {
    "geometryGuard": {
      "baselineFindings": [
        {
          "type": "pin-exit-direction",
          "level": "ERROR",
          "designator": "J4",
          "primitiveId": "77744783f98bf8c6",
          "wirePrimitiveId": "f7d195ede2a64fa8",
          "pins": [
            "1"
          ],
          "message": "pin 1 outward rotation 90° requires its first wire segment to leave outward; segment 0 (330,260)→(265,260) does not",
          "at": {
            "x": 265,
            "y": 260
          },
          "segment": [
            {
              "x": 330,
              "y": 260
            },
            {
              "x": 265,
              "y": 260
            }
          ]
        },
        {
          "type": "pin-exit-direction",
          "level": "ERROR",
          "designator": "J4",
          "primitiveId": "77744783f98bf8c6",
          "wirePrimitiveId": "75712bb4840a7984",
          "pins": [
            "2"
          ],
          "message": "pin 2 outward rotation 90° requires its first wire segment to leave outward; segment 0 (210,260)→(255,260) does not",
          "at": {
            "x": 255.00000000000003,
            "y": 260
          },
          "segment": [
            {
              "x": 210,
              "y": 260
            },
            {
              "x": 255,
              "y": 260
            }
          ]
        }
      ],
      "passed": true,
      "phase": "readback",
      "preexistingFindings": 2,
      "readbackAttempts": 1,
      "scope": "pin-exit-direction/wire-through-body/wire-coverage/wire-contact-topology"
    },
    "line": [
      [
        1605,
        895,
        1625,
        895
      ],
      [
        1605,
        910,
        1605,
        895
      ],
      [
        1550,
        910,
        1605,
        910
      ]
    ],
    "net": "",
    "primitiveId": "2b3e73c409c76e43"
  },
  "context": {
    "projectUuid": "8c5d0d86032348a0a6c85102fe97607e",
    "projectName": "AI_figure",
    "documentUuid": "98cfe13509bc1f5c",
    "documentType": "schematic",
    "tabId": "98cfe13509bc1f5c@8c5d0d86032348a0a6c85102fe97607e"
  },
  "warnings": [
    "2 pre-existing geometry finding(s) retained as diagnostics; this validates the added wire, not the whole page."
  ],
  "seq": 845,
  "seqAbandoned": 5,
  "abandonedIds": [
    "req_29",
    "req_1003",
    "req_1117",
    "req_1124",
    "req_1140"
  ]
}
提示: 手工画线可能被 EasyEDA 与共线导线自动合并成多网短路(sch check 不报)。跑 `easyeda sch bridge-check` + `easyeda sch read` 逐网对账确认。
{
  "id": "req_101",
  "type": "response",
  "version": "v1",
  "createdAt": "2026-10-07T00:48:03.2403336Z",
  "ok": true,
  "result": {
    "component": {
      "addIntoBom": true,
      "addIntoPcb": true,
      "component": {
        "libraryUuid": "0819f05c4eef4c71ace90d822a990e87",
        "name": "Netport-BI",
        "uuid": "c0018be1ba29e002"
      },
      "componentType": "netport",
      "device": {
        "libraryUuid": "0819f05c4eef4c71ace90d822a990e87",
        "name": "VBUS_USB",
        "uuid": "c0018be1ba29e002"
      },
      "mirror": false,
      "name": "VBUS_USB",
      "net": "VBUS_USB",
      "otherProperty": {
        "Description": "Netport-BI",
        "Relevance": ""
      },
      "primitiveId": "d78e352516a337d7",
      "rotation": 180,
      "subPartName": "pid8a0e77bacb214e",
      "symbol": {
        "libraryUuid": "0819f05c4eef4c71ace90d822a990e87",
        "name": "Netport-BI",
        "uuid": "9e5208e18122c23f"
      },
      "x": 1550,
      "y": 910
    },
    "primitiveId": "d78e352516a337d7"
  },
  "context": {
    "projectUuid": "8c5d0d86032348a0a6c85102fe97607e",
    "projectName": "AI_figure",
    "documentUuid": "98cfe13509bc1f5c",
    "documentType": "schematic",
    "tabId": "98cfe13509bc1f5c@8c5d0d86032348a0a6c85102fe97607e"
  },
  "seq": 847,
  "seqAbandoned": 5,
  "abandonedIds": [
    "req_29",
    "req_1003",
    "req_1117",
    "req_1124",
    "req_1140"
  ]
}
⚠ 2 pre-existing geometry finding(s) retained as diagnostics; this validates the added wire, not the whole page.
{
  "id": "req_102",
  "type": "response",
  "version": "v1",
  "createdAt": "2026-10-07T00:48:04.1779163Z",
  "ok": true,
  "result": {
    "geometryGuard": {
      "baselineFindings": [
        {
          "type": "pin-exit-direction",
          "level": "ERROR",
          "designator": "J4",
          "primitiveId": "77744783f98bf8c6",
          "wirePrimitiveId": "f7d195ede2a64fa8",
          "pins": [
            "1"
          ],
          "message": "pin 1 outward rotation 90° requires its first wire segment to leave outward; segment 0 (330,260)→(265,260) does not",
          "at": {
            "x": 265,
            "y": 260
          },
          "segment": [
            {
              "x": 330,
              "y": 260
            },
            {
              "x": 265,
              "y": 260
            }
          ]
        },
        {
          "type": "pin-exit-direction",
          "level": "ERROR",
          "designator": "J4",
          "primitiveId": "77744783f98bf8c6",
          "wirePrimitiveId": "75712bb4840a7984",
          "pins": [
            "2"
          ],
          "message": "pin 2 outward rotation 90° requires its first wire segment to leave outward; segment 0 (210,260)→(255,260) does not",
          "at": {
            "x": 255.00000000000003,
            "y": 260
          },
          "segment": [
            {
              "x": 210,
              "y": 260
            },
            {
              "x": 255,
              "y": 260
            }
          ]
        }
      ],
      "passed": true,
      "phase": "readback",
      "preexistingFindings": 2,
      "readbackAttempts": 1,
      "scope": "pin-exit-direction/wire-through-body/wire-coverage/wire-contact-topology"
    },
    "line": [
      [
        1595,
        885,
        1625,
        885
      ],
      [
        1595,
        890,
        1595,
        885
      ],
      [
        1550,
        890,
        1595,
        890
      ]
    ],
    "net": "",
    "primitiveId": "0be27ec185dd40bd"
  },
  "context": {
    "projectUuid": "8c5d0d86032348a0a6c85102fe97607e",
    "projectName": "AI_figure",
    "documentUuid": "98cfe13509bc1f5c",
    "documentType": "schematic",
    "tabId": "98cfe13509bc1f5c@8c5d0d86032348a0a6c85102fe97607e"
  },
  "warnings": [
    "2 pre-existing geometry finding(s) retained as diagnostics; this validates the added wire, not the whole page."
  ],
  "seq": 849,
  "seqAbandoned": 5,
  "abandonedIds": [
    "req_29",
    "req_1003",
    "req_1117",
    "req_1124",
    "req_1140"
  ]
}
提示: 手工画线可能被 EasyEDA 与共线导线自动合并成多网短路(sch check 不报)。跑 `easyeda sch bridge-check` + `easyeda sch read` 逐网对账确认。
{
  "id": "req_103",
  "type": "response",
  "version": "v1",
  "createdAt": "2026-10-07T00:48:04.4710703Z",
  "ok": true,
  "result": {
    "component": {
      "addIntoBom": true,
      "addIntoPcb": true,
      "component": {
        "libraryUuid": "0819f05c4eef4c71ace90d822a990e87",
        "name": "Netport-BI",
        "uuid": "c0018be1ba29e002"
      },
      "componentType": "netport",
      "device": {
        "libraryUuid": "0819f05c4eef4c71ace90d822a990e87",
        "name": "USB_CC2",
        "uuid": "c0018be1ba29e002"
      },
      "mirror": false,
      "name": "USB_CC2",
      "net": "USB_CC2",
      "otherProperty": {
        "Description": "Netport-BI",
        "Relevance": ""
      },
      "primitiveId": "218d2dec3b782223",
      "rotation": 180,
      "subPartName": "pid8a0e77bacb214e",
      "symbol": {
        "libraryUuid": "0819f05c4eef4c71ace90d822a990e87",
        "name": "Netport-BI",
        "uuid": "9e5208e18122c23f"
      },
      "x": 1550,
      "y": 890
    },
    "primitiveId": "218d2dec3b782223"
  },
  "context": {
    "projectUuid": "8c5d0d86032348a0a6c85102fe97607e",
    "projectName": "AI_figure",
    "documentUuid": "98cfe13509bc1f5c",
    "documentType": "schematic",
    "tabId": "98cfe13509bc1f5c@8c5d0d86032348a0a6c85102fe97607e"
  },
  "seq": 851,
  "seqAbandoned": 5,
  "abandonedIds": [
    "req_29",
    "req_1003",
    "req_1117",
    "req_1124",
    "req_1140"
  ]
}
⚠ 2 pre-existing geometry finding(s) retained as diagnostics; this validates the added wire, not the whole page.
{
  "id": "req_104",
  "type": "response",
  "version": "v1",
  "createdAt": "2026-10-07T00:48:05.354846Z",
  "ok": true,
  "result": {
    "geometryGuard": {
      "baselineFindings": [
        {
          "type": "pin-exit-direction",
          "level": "ERROR",
          "designator": "J4",
          "primitiveId": "77744783f98bf8c6",
          "wirePrimitiveId": "f7d195ede2a64fa8",
          "pins": [
            "1"
          ],
          "message": "pin 1 outward rotation 90° requires its first wire segment to leave outward; segment 0 (330,260)→(265,260) does not",
          "at": {
            "x": 265,
            "y": 260
          },
          "segment": [
            {
              "x": 330,
              "y": 260
            },
            {
              "x": 265,
              "y": 260
            }
          ]
        },
        {
          "type": "pin-exit-direction",
          "level": "ERROR",
          "designator": "J4",
          "primitiveId": "77744783f98bf8c6",
          "wirePrimitiveId": "75712bb4840a7984",
          "pins": [
            "2"
          ],
          "message": "pin 2 outward rotation 90° requires its first wire segment to leave outward; segment 0 (210,260)→(255,260) does not",
          "at": {
            "x": 255.00000000000003,
            "y": 260
          },
          "segment": [
            {
              "x": 210,
              "y": 260
            },
            {
              "x": 255,
              "y": 260
            }
          ]
        }
      ],
      "passed": true,
      "phase": "readback",
      "preexistingFindings": 2,
      "readbackAttempts": 1,
      "scope": "pin-exit-direction/wire-through-body/wire-coverage/wire-contact-topology"
    },
    "line": [
      [
        1585,
        875,
        1625,
        875
      ],
      [
        1585,
        870,
        1585,
        875
      ],
      [
        1550,
        870,
        1585,
        870
      ]
    ],
    "net": "",
    "primitiveId": "1439b610a8a46731"
  },
  "context": {
    "projectUuid": "8c5d0d86032348a0a6c85102fe97607e",
    "projectName": "AI_figure",
    "documentUuid": "98cfe13509bc1f5c",
    "documentType": "schematic",
    "tabId": "98cfe13509bc1f5c@8c5d0d86032348a0a6c85102fe97607e"
  },
  "warnings": [
    "2 pre-existing geometry finding(s) retained as diagnostics; this validates the added wire, not the whole page."
  ],
  "seq": 853,
  "seqAbandoned": 5,
  "abandonedIds": [
    "req_29",
    "req_1003",
    "req_1117",
    "req_1124",
    "req_1140"
  ]
}
提示: 手工画线可能被 EasyEDA 与共线导线自动合并成多网短路(sch check 不报)。跑 `easyeda sch bridge-check` + `easyeda sch read` 逐网对账确认。
{
  "id": "req_105",
  "type": "response",
  "version": "v1",
  "createdAt": "2026-10-07T00:48:05.6436748Z",
  "ok": true,
  "result": {
    "component": {
      "addIntoBom": true,
      "addIntoPcb": true,
      "component": {
        "libraryUuid": "0819f05c4eef4c71ace90d822a990e87",
        "name": "Netport-BI",
        "uuid": "c0018be1ba29e002"
      },
      "componentType": "netport",
      "device": {
        "libraryUuid": "0819f05c4eef4c71ace90d822a990e87",
        "name": "USB_DP_CONN",
        "uuid": "c0018be1ba29e002"
      },
      "mirror": false,
      "name": "USB_DP_CONN",
      "net": "USB_DP_CONN",
      "otherProperty": {
        "Description": "Netport-BI",
        "Relevance": ""
      },
      "primitiveId": "3a384316e2c95f49",
      "rotation": 180,
      "subPartName": "pid8a0e77bacb214e",
      "symbol": {
        "libraryUuid": "0819f05c4eef4c71ace90d822a990e87",
        "name": "Netport-BI",
        "uuid": "9e5208e18122c23f"
      },
      "x": 1550,
      "y": 870
    },
    "primitiveId": "3a384316e2c95f49"
  },
  "context": {
    "projectUuid": "8c5d0d86032348a0a6c85102fe97607e",
    "projectName": "AI_figure",
    "documentUuid": "98cfe13509bc1f5c",
    "documentType": "schematic",
    "tabId": "98cfe13509bc1f5c@8c5d0d86032348a0a6c85102fe97607e"
  },
  "seq": 855,
  "seqAbandoned": 5,
  "abandonedIds": [
    "req_29",
    "req_1003",
    "req_1117",
    "req_1124",
    "req_1140"
  ]
}
⚠ 2 pre-existing geometry finding(s) retained as diagnostics; this validates the added wire, not the whole page.
{
  "id": "req_106",
  "type": "response",
  "version": "v1",
  "createdAt": "2026-10-07T00:48:06.5973387Z",
  "ok": true,
  "result": {
    "geometryGuard": {
      "baselineFindings": [
        {
          "type": "pin-exit-direction",
          "level": "ERROR",
          "designator": "J4",
          "primitiveId": "77744783f98bf8c6",
          "wirePrimitiveId": "f7d195ede2a64fa8",
          "pins": [
            "1"
          ],
          "message": "pin 1 outward rotation 90° requires its first wire segment to leave outward; segment 0 (330,260)→(265,260) does not",
          "at": {
            "x": 265,
            "y": 260
          },
          "segment": [
            {
              "x": 330,
              "y": 260
            },
            {
              "x": 265,
              "y": 260
            }
          ]
        },
        {
          "type": "pin-exit-direction",
          "level": "ERROR",
          "designator": "J4",
          "primitiveId": "77744783f98bf8c6",
          "wirePrimitiveId": "75712bb4840a7984",
          "pins": [
            "2"
          ],
          "message": "pin 2 outward rotation 90° requires its first wire segment to leave outward; segment 0 (210,260)→(255,260) does not",
          "at": {
            "x": 255.00000000000003,
            "y": 260
          },
          "segment": [
            {
              "x": 210,
              "y": 260
            },
            {
              "x": 255,
              "y": 260
            }
          ]
        }
      ],
      "passed": true,
      "phase": "readback",
      "preexistingFindings": 2,
      "readbackAttempts": 1,
      "scope": "pin-exit-direction/wire-through-body/wire-coverage/wire-contact-topology"
    },
    "line": [
      [
        1595,
        865,
        1625,
        865
      ],
      [
        1595,
        850,
        1595,
        865
      ],
      [
        1550,
        850,
        1595,
        850
      ]
    ],
    "net": "",
    "primitiveId": "d113391045f854fa"
  },
  "context": {
    "projectUuid": "8c5d0d86032348a0a6c85102fe97607e",
    "projectName": "AI_figure",
    "documentUuid": "98cfe13509bc1f5c",
    "documentType": "schematic",
    "tabId": "98cfe13509bc1f5c@8c5d0d86032348a0a6c85102fe97607e"
  },
  "warnings": [
    "2 pre-existing geometry finding(s) retained as diagnostics; this validates the added wire, not the whole page."
  ],
  "seq": 857,
  "seqAbandoned": 5,
  "abandonedIds": [
    "req_29",
    "req_1003",
    "req_1117",
    "req_1124",
    "req_1140"
  ]
}
提示: 手工画线可能被 EasyEDA 与共线导线自动合并成多网短路(sch check 不报)。跑 `easyeda sch bridge-check` + `easyeda sch read` 逐网对账确认。
{
  "id": "req_107",
  "type": "response",
  "version": "v1",
  "createdAt": "2026-10-07T00:48:06.9011924Z",
  "ok": true,
  "result": {
    "component": {
      "addIntoBom": true,
      "addIntoPcb": true,
      "component": {
        "libraryUuid": "0819f05c4eef4c71ace90d822a990e87",
        "name": "Netport-BI",
        "uuid": "c0018be1ba29e002"
      },
      "componentType": "netport",
      "device": {
        "libraryUuid": "0819f05c4eef4c71ace90d822a990e87",
        "name": "USB_DM_CONN",
        "uuid": "c0018be1ba29e002"
      },
      "mirror": false,
      "name": "USB_DM_CONN",
      "net": "USB_DM_CONN",
      "otherProperty": {
        "Description": "Netport-BI",
        "Relevance": ""
      },
      "primitiveId": "2fc6ed35320ca94f",
      "rotation": 180,
      "subPartName": "pid8a0e77bacb214e",
      "symbol": {
        "libraryUuid": "0819f05c4eef4c71ace90d822a990e87",
        "name": "Netport-BI",
        "uuid": "9e5208e18122c23f"
      },
      "x": 1550,
      "y": 850
    },
    "primitiveId": "2fc6ed35320ca94f"
  },
  "context": {
    "projectUuid": "8c5d0d86032348a0a6c85102fe97607e",
    "projectName": "AI_figure",
    "documentUuid": "98cfe13509bc1f5c",
    "documentType": "schematic",
    "tabId": "98cfe13509bc1f5c@8c5d0d86032348a0a6c85102fe97607e"
  },
  "seq": 859,
  "seqAbandoned": 5,
  "abandonedIds": [
    "req_29",
    "req_1003",
    "req_1117",
    "req_1124",
    "req_1140"
  ]
}
⚠ 2 pre-existing geometry finding(s) retained as diagnostics; this validates the added wire, not the whole page.
{
  "id": "req_108",
  "type": "response",
  "version": "v1",
  "createdAt": "2026-10-07T00:48:07.8635342Z",
  "ok": true,
  "result": {
    "geometryGuard": {
      "baselineFindings": [
        {
          "type": "pin-exit-direction",
          "level": "ERROR",
          "designator": "J4",
          "primitiveId": "77744783f98bf8c6",
          "wirePrimitiveId": "f7d195ede2a64fa8",
          "pins": [
            "1"
          ],
          "message": "pin 1 outward rotation 90° requires its first wire segment to leave outward; segment 0 (330,260)→(265,260) does not",
          "at": {
            "x": 265,
            "y": 260
          },
          "segment": [
            {
              "x": 330,
              "y": 260
            },
            {
              "x": 265,
              "y": 260
            }
          ]
        },
        {
          "type": "pin-exit-direction",
          "level": "ERROR",
          "designator": "J4",
          "primitiveId": "77744783f98bf8c6",
          "wirePrimitiveId": "75712bb4840a7984",
          "pins": [
            "2"
          ],
          "message": "pin 2 outward rotation 90° requires its first wire segment to leave outward; segment 0 (210,260)→(255,260) does not",
          "at": {
            "x": 255.00000000000003,
            "y": 260
          },
          "segment": [
            {
              "x": 210,
              "y": 260
            },
            {
              "x": 255,
              "y": 260
            }
          ]
        }
      ],
      "passed": true,
      "phase": "readback",
      "preexistingFindings": 2,
      "readbackAttempts": 1,
      "scope": "pin-exit-direction/wire-through-body/wire-coverage/wire-contact-topology"
    },
    "line": [
      [
        1605,
        845,
        1625,
        845
      ],
      [
        1605,
        830,
        1605,
        845
      ],
      [
        1550,
        830,
        1605,
        830
      ]
    ],
    "net": "",
    "primitiveId": "6530e486bbc52e71"
  },
  "context": {
    "projectUuid": "8c5d0d86032348a0a6c85102fe97607e",
    "projectName": "AI_figure",
    "documentUuid": "98cfe13509bc1f5c",
    "documentType": "schematic",
    "tabId": "98cfe13509bc1f5c@8c5d0d86032348a0a6c85102fe97607e"
  },
  "warnings": [
    "2 pre-existing geometry finding(s) retained as diagnostics; this validates the added wire, not the whole page."
  ],
  "seq": 861,
  "seqAbandoned": 5,
  "abandonedIds": [
    "req_29",
    "req_1003",
    "req_1117",
    "req_1124",
    "req_1140"
  ]
}
提示: 手工画线可能被 EasyEDA 与共线导线自动合并成多网短路(sch check 不报)。跑 `easyeda sch bridge-check` + `easyeda sch read` 逐网对账确认。
{
  "id": "req_109",
  "type": "response",
  "version": "v1",
  "createdAt": "2026-10-07T00:48:08.1728362Z",
  "ok": true,
  "result": {
    "component": {
      "addIntoBom": true,
      "addIntoPcb": true,
      "component": {
        "libraryUuid": "0819f05c4eef4c71ace90d822a990e87",
        "name": "Netport-BI",
        "uuid": "c0018be1ba29e002"
      },
      "componentType": "netport",
      "device": {
        "libraryUuid": "0819f05c4eef4c71ace90d822a990e87",
        "name": "VBUS_USB",
        "uuid": "c0018be1ba29e002"
      },
      "mirror": false,
      "name": "VBUS_USB",
      "net": "VBUS_USB",
      "otherProperty": {
        "Description": "Netport-BI",
        "Relevance": ""
      },
      "primitiveId": "adf2e7ac424a3c4a",
      "rotation": 180,
      "subPartName": "pid8a0e77bacb214e",
      "symbol": {
        "libraryUuid": "0819f05c4eef4c71ace90d822a990e87",
        "name": "Netport-BI",
        "uuid": "9e5208e18122c23f"
      },
      "x": 1550,
      "y": 830
    },
    "primitiveId": "adf2e7ac424a3c4a"
  },
  "context": {
    "projectUuid": "8c5d0d86032348a0a6c85102fe97607e",
    "projectName": "AI_figure",
    "documentUuid": "98cfe13509bc1f5c",
    "documentType": "schematic",
    "tabId": "98cfe13509bc1f5c@8c5d0d86032348a0a6c85102fe97607e"
  },
  "seq": 863,
  "seqAbandoned": 5,
  "abandonedIds": [
    "req_29",
    "req_1003",
    "req_1117",
    "req_1124",
    "req_1140"
  ]
}
⚠ 2 pre-existing geometry finding(s) retained as diagnostics; this validates the added wire, not the whole page.
{
  "id": "req_110",
  "type": "response",
  "version": "v1",
  "createdAt": "2026-10-07T00:48:09.099467Z",
  "ok": true,
  "result": {
    "geometryGuard": {
      "baselineFindings": [
        {
          "type": "pin-exit-direction",
          "level": "ERROR",
          "designator": "J4",
          "primitiveId": "77744783f98bf8c6",
          "wirePrimitiveId": "f7d195ede2a64fa8",
          "pins": [
            "1"
          ],
          "message": "pin 1 outward rotation 90° requires its first wire segment to leave outward; segment 0 (330,260)→(265,260) does not",
          "at": {
            "x": 265,
            "y": 260
          },
          "segment": [
            {
              "x": 330,
              "y": 260
            },
            {
              "x": 265,
              "y": 260
            }
          ]
        },
        {
          "type": "pin-exit-direction",
          "level": "ERROR",
          "designator": "J4",
          "primitiveId": "77744783f98bf8c6",
          "wirePrimitiveId": "75712bb4840a7984",
          "pins": [
            "2"
          ],
          "message": "pin 2 outward rotation 90° requires its first wire segment to leave outward; segment 0 (210,260)→(255,260) does not",
          "at": {
            "x": 255.00000000000003,
            "y": 260
          },
          "segment": [
            {
              "x": 210,
              "y": 260
            },
            {
              "x": 255,
              "y": 260
            }
          ]
        }
      ],
      "passed": true,
      "phase": "readback",
      "preexistingFindings": 2,
      "readbackAttempts": 1,
      "scope": "pin-exit-direction/wire-through-body/wire-coverage/wire-contact-topology"
    },
    "line": [
      [
        1615,
        835,
        1625,
        835
      ],
      [
        1615,
        810,
        1615,
        835
      ],
      [
        1550,
        810,
        1615,
        810
      ]
    ],
    "net": "",
    "primitiveId": "edf63f56a267dca6"
  },
  "context": {
    "projectUuid": "8c5d0d86032348a0a6c85102fe97607e",
    "projectName": "AI_figure",
    "documentUuid": "98cfe13509bc1f5c",
    "documentType": "schematic",
    "tabId": "98cfe13509bc1f5c@8c5d0d86032348a0a6c85102fe97607e"
  },
  "warnings": [
    "2 pre-existing geometry finding(s) retained as diagnostics; this validates the added wire, not the whole page."
  ],
  "seq": 865,
  "seqAbandoned": 5,
  "abandonedIds": [
    "req_29",
    "req_1003",
    "req_1117",
    "req_1124",
    "req_1140"
  ]
}
提示: 手工画线可能被 EasyEDA 与共线导线自动合并成多网短路(sch check 不报)。跑 `easyeda sch bridge-check` + `easyeda sch read` 逐网对账确认。
{
  "id": "req_111",
  "type": "response",
  "version": "v1",
  "createdAt": "2026-10-07T00:48:09.4063184Z",
  "ok": true,
  "result": {
    "component": {
      "addIntoBom": true,
      "addIntoPcb": true,
      "component": {
        "libraryUuid": "0819f05c4eef4c71ace90d822a990e87",
        "name": "Netport-BI",
        "uuid": "c0018be1ba29e002"
      },
      "componentType": "netport",
      "device": {
        "libraryUuid": "0819f05c4eef4c71ace90d822a990e87",
        "name": "GND",
        "uuid": "c0018be1ba29e002"
      },
      "mirror": false,
      "name": "GND",
      "net": "GND",
      "otherProperty": {
        "Description": "Netport-BI",
        "Relevance": ""
      },
      "primitiveId": "44e517f658c266b6",
      "rotation": 180,
      "subPartName": "pid8a0e77bacb214e",
      "symbol": {
        "libraryUuid": "0819f05c4eef4c71ace90d822a990e87",
        "name": "Netport-BI",
        "uuid": "9e5208e18122c23f"
      },
      "x": 1550,
      "y": 810
    },
    "primitiveId": "44e517f658c266b6"
  },
  "context": {
    "projectUuid": "8c5d0d86032348a0a6c85102fe97607e",
    "projectName": "AI_figure",
    "documentUuid": "98cfe13509bc1f5c",
    "documentType": "schematic",
    "tabId": "98cfe13509bc1f5c@8c5d0d86032348a0a6c85102fe97607e"
  },
  "seq": 867,
  "seqAbandoned": 5,
  "abandonedIds": [
    "req_29",
    "req_1003",
    "req_1117",
    "req_1124",
    "req_1140"
  ]
}
⚠ 2 pre-existing geometry finding(s) retained as diagnostics; this validates the added wire, not the whole page.
{
  "id": "req_112",
  "type": "response",
  "version": "v1",
  "createdAt": "2026-10-07T00:48:10.41734Z",
  "ok": true,
  "result": {
    "geometryGuard": {
      "baselineFindings": [
        {
          "type": "pin-exit-direction",
          "level": "ERROR",
          "designator": "J4",
          "primitiveId": "77744783f98bf8c6",
          "wirePrimitiveId": "f7d195ede2a64fa8",
          "pins": [
            "1"
          ],
          "message": "pin 1 outward rotation 90° requires its first wire segment to leave outward; segment 0 (330,260)→(265,260) does not",
          "at": {
            "x": 265,
            "y": 260
          },
          "segment": [
            {
              "x": 330,
              "y": 260
            },
            {
              "x": 265,
              "y": 260
            }
          ]
        },
        {
          "type": "pin-exit-direction",
          "level": "ERROR",
          "designator": "J4",
          "primitiveId": "77744783f98bf8c6",
          "wirePrimitiveId": "75712bb4840a7984",
          "pins": [
            "2"
          ],
          "message": "pin 2 outward rotation 90° requires its first wire segment to leave outward; segment 0 (210,260)→(255,260) does not",
          "at": {
            "x": 255.00000000000003,
            "y": 260
          },
          "segment": [
            {
              "x": 210,
              "y": 260
            },
            {
              "x": 255,
              "y": 260
            }
          ]
        }
      ],
      "passed": true,
      "phase": "readback",
      "preexistingFindings": 2,
      "readbackAttempts": 1,
      "scope": "pin-exit-direction/wire-through-body/wire-coverage/wire-contact-topology"
    },
    "line": [
      [
        1725,
        905,
        1715,
        905
      ],
      [
        1725,
        930,
        1725,
        905
      ],
      [
        1790,
        930,
        1725,
        930
      ]
    ],
    "net": "",
    "primitiveId": "b8330083f587ee09"
  },
  "context": {
    "projectUuid": "8c5d0d86032348a0a6c85102fe97607e",
    "projectName": "AI_figure",
    "documentUuid": "98cfe13509bc1f5c",
    "documentType": "schematic",
    "tabId": "98cfe13509bc1f5c@8c5d0d86032348a0a6c85102fe97607e"
  },
  "warnings": [
    "2 pre-existing geometry finding(s) retained as diagnostics; this validates the added wire, not the whole page."
  ],
  "seq": 869,
  "seqAbandoned": 5,
  "abandonedIds": [
    "req_29",
    "req_1003",
    "req_1117",
    "req_1124",
    "req_1140"
  ]
}
提示: 手工画线可能被 EasyEDA 与共线导线自动合并成多网短路(sch check 不报)。跑 `easyeda sch bridge-check` + `easyeda sch read` 逐网对账确认。
{
  "id": "req_113",
  "type": "response",
  "version": "v1",
  "createdAt": "2026-10-07T00:48:10.7401044Z",
  "ok": true,
  "result": {
    "component": {
      "addIntoBom": true,
      "addIntoPcb": true,
      "component": {
        "libraryUuid": "0819f05c4eef4c71ace90d822a990e87",
        "name": "Netport-BI",
        "uuid": "c0018be1ba29e002"
      },
      "componentType": "netport",
      "device": {
        "libraryUuid": "0819f05c4eef4c71ace90d822a990e87",
        "name": "GND",
        "uuid": "c0018be1ba29e002"
      },
      "mirror": false,
      "name": "GND",
      "net": "GND",
      "otherProperty": {
        "Description": "Netport-BI",
        "Relevance": ""
      },
      "primitiveId": "a6d2835724ba113b",
      "rotation": 0,
      "subPartName": "pid8a0e77bacb214e",
      "symbol": {
        "libraryUuid": "0819f05c4eef4c71ace90d822a990e87",
        "name": "Netport-BI",
        "uuid": "9e5208e18122c23f"
      },
      "x": 1790,
      "y": 930
    },
    "primitiveId": "a6d2835724ba113b"
  },
  "context": {
    "projectUuid": "8c5d0d86032348a0a6c85102fe97607e",
    "projectName": "AI_figure",
    "documentUuid": "98cfe13509bc1f5c",
    "documentType": "schematic",
    "tabId": "98cfe13509bc1f5c@8c5d0d86032348a0a6c85102fe97607e"
  },
  "seq": 871,
  "seqAbandoned": 5,
  "abandonedIds": [
    "req_29",
    "req_1003",
    "req_1117",
    "req_1124",
    "req_1140"
  ]
}
⚠ 2 pre-existing geometry finding(s) retained as diagnostics; this validates the added wire, not the whole page.
{
  "id": "req_114",
  "type": "response",
  "version": "v1",
  "createdAt": "2026-10-07T00:48:11.7218368Z",
  "ok": true,
  "result": {
    "geometryGuard": {
      "baselineFindings": [
        {
          "type": "pin-exit-direction",
          "level": "ERROR",
          "designator": "J4",
          "primitiveId": "77744783f98bf8c6",
          "wirePrimitiveId": "f7d195ede2a64fa8",
          "pins": [
            "1"
          ],
          "message": "pin 1 outward rotation 90° requires its first wire segment to leave outward; segment 0 (330,260)→(265,260) does not",
          "at": {
            "x": 265,
            "y": 260
          },
          "segment": [
            {
              "x": 330,
              "y": 260
            },
            {
              "x": 265,
              "y": 260
            }
          ]
        },
        {
          "type": "pin-exit-direction",
          "level": "ERROR",
          "designator": "J4",
          "primitiveId": "77744783f98bf8c6",
          "wirePrimitiveId": "75712bb4840a7984",
          "pins": [
            "2"
          ],
          "message": "pin 2 outward rotation 90° requires its first wire segment to leave outward; segment 0 (210,260)→(255,260) does not",
          "at": {
            "x": 255.00000000000003,
            "y": 260
          },
          "segment": [
            {
              "x": 210,
              "y": 260
            },
            {
              "x": 255,
              "y": 260
            }
          ]
        }
      ],
      "passed": true,
      "phase": "readback",
      "preexistingFindings": 2,
      "readbackAttempts": 1,
      "scope": "pin-exit-direction/wire-through-body/wire-coverage/wire-contact-topology"
    },
    "line": [
      [
        1735,
        895,
        1715,
        895
      ],
      [
        1735,
        910,
        1735,
        895
      ],
      [
        1790,
        910,
        1735,
        910
      ]
    ],
    "net": "",
    "primitiveId": "e8450c789cd55eab"
  },
  "context": {
    "projectUuid": "8c5d0d86032348a0a6c85102fe97607e",
    "projectName": "AI_figure",
    "documentUuid": "98cfe13509bc1f5c",
    "documentType": "schematic",
    "tabId": "98cfe13509bc1f5c@8c5d0d86032348a0a6c85102fe97607e"
  },
  "warnings": [
    "2 pre-existing geometry finding(s) retained as diagnostics; this validates the added wire, not the whole page."
  ],
  "seq": 873,
  "seqAbandoned": 5,
  "abandonedIds": [
    "req_29",
    "req_1003",
    "req_1117",
    "req_1124",
    "req_1140"
  ]
}
提示: 手工画线可能被 EasyEDA 与共线导线自动合并成多网短路(sch check 不报)。跑 `easyeda sch bridge-check` + `easyeda sch read` 逐网对账确认。
{
  "id": "req_115",
  "type": "response",
  "version": "v1",
  "createdAt": "2026-10-07T00:48:12.0459629Z",
  "ok": true,
  "result": {
    "component": {
      "addIntoBom": true,
      "addIntoPcb": true,
      "component": {
        "libraryUuid": "0819f05c4eef4c71ace90d822a990e87",
        "name": "Netport-BI",
        "uuid": "c0018be1ba29e002"
      },
      "componentType": "netport",
      "device": {
        "libraryUuid": "0819f05c4eef4c71ace90d822a990e87",
        "name": "VBUS_USB",
        "uuid": "c0018be1ba29e002"
      },
      "mirror": false,
      "name": "VBUS_USB",
      "net": "VBUS_USB",
      "otherProperty": {
        "Description": "Netport-BI",
        "Relevance": ""
      },
      "primitiveId": "9a418c76a8bc7f0a",
      "rotation": 0,
      "subPartName": "pid8a0e77bacb214e",
      "symbol": {
        "libraryUuid": "0819f05c4eef4c71ace90d822a990e87",
        "name": "Netport-BI",
        "uuid": "9e5208e18122c23f"
      },
      "x": 1790,
      "y": 910
    },
    "primitiveId": "9a418c76a8bc7f0a"
  },
  "context": {
    "projectUuid": "8c5d0d86032348a0a6c85102fe97607e",
    "projectName": "AI_figure",
    "documentUuid": "98cfe13509bc1f5c",
    "documentType": "schematic",
    "tabId": "98cfe13509bc1f5c@8c5d0d86032348a0a6c85102fe97607e"
  },
  "seq": 875,
  "seqAbandoned": 5,
  "abandonedIds": [
    "req_29",
    "req_1003",
    "req_1117",
    "req_1124",
    "req_1140"
  ]
}
⚠ 2 pre-existing geometry finding(s) retained as diagnostics; this validates the added wire, not the whole page.
{
  "id": "req_116",
  "type": "response",
  "version": "v1",
  "createdAt": "2026-10-07T00:48:13.1312952Z",
  "ok": true,
  "result": {
    "geometryGuard": {
      "baselineFindings": [
        {
          "type": "pin-exit-direction",
          "level": "ERROR",
          "designator": "J4",
          "primitiveId": "77744783f98bf8c6",
          "wirePrimitiveId": "f7d195ede2a64fa8",
          "pins": [
            "1"
          ],
          "message": "pin 1 outward rotation 90° requires its first wire segment to leave outward; segment 0 (330,260)→(265,260) does not",
          "at": {
            "x": 265,
            "y": 260
          },
          "segment": [
            {
              "x": 330,
              "y": 260
            },
            {
              "x": 265,
              "y": 260
            }
          ]
        },
        {
          "type": "pin-exit-direction",
          "level": "ERROR",
          "designator": "J4",
          "primitiveId": "77744783f98bf8c6",
          "wirePrimitiveId": "75712bb4840a7984",
          "pins": [
            "2"
          ],
          "message": "pin 2 outward rotation 90° requires its first wire segment to leave outward; segment 0 (210,260)→(255,260) does not",
          "at": {
            "x": 255.00000000000003,
            "y": 260
          },
          "segment": [
            {
              "x": 210,
              "y": 260
            },
            {
              "x": 255,
              "y": 260
            }
          ]
        }
      ],
      "passed": true,
      "phase": "readback",
      "preexistingFindings": 2,
      "readbackAttempts": 1,
      "scope": "pin-exit-direction/wire-through-body/wire-coverage/wire-contact-topology"
    },
    "line": [
      [
        1745,
        885,
        1715,
        885
      ],
      [
        1745,
        890,
        1745,
        885
      ],
      [
        1790,
        890,
        1745,
        890
      ]
    ],
    "net": "",
    "primitiveId": "d88fc414c760c4a4"
  },
  "context": {
    "projectUuid": "8c5d0d86032348a0a6c85102fe97607e",
    "projectName": "AI_figure",
    "documentUuid": "98cfe13509bc1f5c",
    "documentType": "schematic",
    "tabId": "98cfe13509bc1f5c@8c5d0d86032348a0a6c85102fe97607e"
  },
  "warnings": [
    "2 pre-existing geometry finding(s) retained as diagnostics; this validates the added wire, not the whole page."
  ],
  "seq": 877,
  "seqAbandoned": 5,
  "abandonedIds": [
    "req_29",
    "req_1003",
    "req_1117",
    "req_1124",
    "req_1140"
  ]
}
提示: 手工画线可能被 EasyEDA 与共线导线自动合并成多网短路(sch check 不报)。跑 `easyeda sch bridge-check` + `easyeda sch read` 逐网对账确认。
{
  "id": "req_117",
  "type": "response",
  "version": "v1",
  "createdAt": "2026-10-07T00:48:13.4628689Z",
  "ok": true,
  "result": {
    "component": {
      "addIntoBom": true,
      "addIntoPcb": true,
      "component": {
        "libraryUuid": "0819f05c4eef4c71ace90d822a990e87",
        "name": "Netport-BI",
        "uuid": "c0018be1ba29e002"
      },
      "componentType": "netport",
      "device": {
        "libraryUuid": "0819f05c4eef4c71ace90d822a990e87",
        "name": "USB_CC1",
        "uuid": "c0018be1ba29e002"
      },
      "mirror": false,
      "name": "USB_CC1",
      "net": "USB_CC1",
      "otherProperty": {
        "Description": "Netport-BI",
        "Relevance": ""
      },
      "primitiveId": "2e091108cfe51005",
      "rotation": 0,
      "subPartName": "pid8a0e77bacb214e",
      "symbol": {
        "libraryUuid": "0819f05c4eef4c71ace90d822a990e87",
        "name": "Netport-BI",
        "uuid": "9e5208e18122c23f"
      },
      "x": 1790,
      "y": 890
    },
    "primitiveId": "2e091108cfe51005"
  },
  "context": {
    "projectUuid": "8c5d0d86032348a0a6c85102fe97607e",
    "projectName": "AI_figure",
    "documentUuid": "98cfe13509bc1f5c",
    "documentType": "schematic",
    "tabId": "98cfe13509bc1f5c@8c5d0d86032348a0a6c85102fe97607e"
  },
  "seq": 879,
  "seqAbandoned": 5,
  "abandonedIds": [
    "req_29",
    "req_1003",
    "req_1117",
    "req_1124",
    "req_1140"
  ]
}
⚠ 2 pre-existing geometry finding(s) retained as diagnostics; this validates the added wire, not the whole page.
{
  "id": "req_118",
  "type": "response",
  "version": "v1",
  "createdAt": "2026-10-07T00:48:14.5311343Z",
  "ok": true,
  "result": {
    "geometryGuard": {
      "baselineFindings": [
        {
          "type": "pin-exit-direction",
          "level": "ERROR",
          "designator": "J4",
          "primitiveId": "77744783f98bf8c6",
          "wirePrimitiveId": "f7d195ede2a64fa8",
          "pins": [
            "1"
          ],
          "message": "pin 1 outward rotation 90° requires its first wire segment to leave outward; segment 0 (330,260)→(265,260) does not",
          "at": {
            "x": 265,
            "y": 260
          },
          "segment": [
            {
              "x": 330,
              "y": 260
            },
            {
              "x": 265,
              "y": 260
            }
          ]
        },
        {
          "type": "pin-exit-direction",
          "level": "ERROR",
          "designator": "J4",
          "primitiveId": "77744783f98bf8c6",
          "wirePrimitiveId": "75712bb4840a7984",
          "pins": [
            "2"
          ],
          "message": "pin 2 outward rotation 90° requires its first wire segment to leave outward; segment 0 (210,260)→(255,260) does not",
          "at": {
            "x": 255.00000000000003,
            "y": 260
          },
          "segment": [
            {
              "x": 210,
              "y": 260
            },
            {
              "x": 255,
              "y": 260
            }
          ]
        }
      ],
      "passed": true,
      "phase": "readback",
      "preexistingFindings": 2,
      "readbackAttempts": 1,
      "scope": "pin-exit-direction/wire-through-body/wire-coverage/wire-contact-topology"
    },
    "line": [
      [
        1755,
        875,
        1715,
        875
      ],
      [
        1755,
        870,
        1755,
        875
      ],
      [
        1790,
        870,
        1755,
        870
      ]
    ],
    "net": "",
    "primitiveId": "b856a3d7dc4908b3"
  },
  "context": {
    "projectUuid": "8c5d0d86032348a0a6c85102fe97607e",
    "projectName": "AI_figure",
    "documentUuid": "98cfe13509bc1f5c",
    "documentType": "schematic",
    "tabId": "98cfe13509bc1f5c@8c5d0d86032348a0a6c85102fe97607e"
  },
  "warnings": [
    "2 pre-existing geometry finding(s) retained as diagnostics; this validates the added wire, not the whole page."
  ],
  "seq": 881,
  "seqAbandoned": 5,
  "abandonedIds": [
    "req_29",
    "req_1003",
    "req_1117",
    "req_1124",
    "req_1140"
  ]
}
提示: 手工画线可能被 EasyEDA 与共线导线自动合并成多网短路(sch check 不报)。跑 `easyeda sch bridge-check` + `easyeda sch read` 逐网对账确认。
{
  "id": "req_119",
  "type": "response",
  "version": "v1",
  "createdAt": "2026-10-07T00:48:14.8716103Z",
  "ok": true,
  "result": {
    "component": {
      "addIntoBom": true,
      "addIntoPcb": true,
      "component": {
        "libraryUuid": "0819f05c4eef4c71ace90d822a990e87",
        "name": "Netport-BI",
        "uuid": "c0018be1ba29e002"
      },
      "componentType": "netport",
      "device": {
        "libraryUuid": "0819f05c4eef4c71ace90d822a990e87",
        "name": "USB_DP_CONN",
        "uuid": "c0018be1ba29e002"
      },
      "mirror": false,
      "name": "USB_DP_CONN",
      "net": "USB_DP_CONN",
      "otherProperty": {
        "Description": "Netport-BI",
        "Relevance": ""
      },
      "primitiveId": "0867af519953c953",
      "rotation": 0,
      "subPartName": "pid8a0e77bacb214e",
      "symbol": {
        "libraryUuid": "0819f05c4eef4c71ace90d822a990e87",
        "name": "Netport-BI",
        "uuid": "9e5208e18122c23f"
      },
      "x": 1790,
      "y": 870
    },
    "primitiveId": "0867af519953c953"
  },
  "context": {
    "projectUuid": "8c5d0d86032348a0a6c85102fe97607e",
    "projectName": "AI_figure",
    "documentUuid": "98cfe13509bc1f5c",
    "documentType": "schematic",
    "tabId": "98cfe13509bc1f5c@8c5d0d86032348a0a6c85102fe97607e"
  },
  "seq": 883,
  "seqAbandoned": 5,
  "abandonedIds": [
    "req_29",
    "req_1003",
    "req_1117",
    "req_1124",
    "req_1140"
  ]
}
⚠ 2 pre-existing geometry finding(s) retained as diagnostics; this validates the added wire, not the whole page.
{
  "id": "req_120",
  "type": "response",
  "version": "v1",
  "createdAt": "2026-10-07T00:48:15.9117442Z",
  "ok": true,
  "result": {
    "geometryGuard": {
      "baselineFindings": [
        {
          "type": "pin-exit-direction",
          "level": "ERROR",
          "designator": "J4",
          "primitiveId": "77744783f98bf8c6",
          "wirePrimitiveId": "f7d195ede2a64fa8",
          "pins": [
            "1"
          ],
          "message": "pin 1 outward rotation 90° requires its first wire segment to leave outward; segment 0 (330,260)→(265,260) does not",
          "at": {
            "x": 265,
            "y": 260
          },
          "segment": [
            {
              "x": 330,
              "y": 260
            },
            {
              "x": 265,
              "y": 260
            }
          ]
        },
        {
          "type": "pin-exit-direction",
          "level": "ERROR",
          "designator": "J4",
          "primitiveId": "77744783f98bf8c6",
          "wirePrimitiveId": "75712bb4840a7984",
          "pins": [
            "2"
          ],
          "message": "pin 2 outward rotation 90° requires its first wire segment to leave outward; segment 0 (210,260)→(255,260) does not",
          "at": {
            "x": 255.00000000000003,
            "y": 260
          },
          "segment": [
            {
              "x": 210,
              "y": 260
            },
            {
              "x": 255,
              "y": 260
            }
          ]
        }
      ],
      "passed": true,
      "phase": "readback",
      "preexistingFindings": 2,
      "readbackAttempts": 1,
      "scope": "pin-exit-direction/wire-through-body/wire-coverage/wire-contact-topology"
    },
    "line": [
      [
        1745,
        865,
        1715,
        865
      ],
      [
        1745,
        850,
        1745,
        865
      ],
      [
        1790,
        850,
        1745,
        850
      ]
    ],
    "net": "",
    "primitiveId": "71bdaca9c47de095"
  },
  "context": {
    "projectUuid": "8c5d0d86032348a0a6c85102fe97607e",
    "projectName": "AI_figure",
    "documentUuid": "98cfe13509bc1f5c",
    "documentType": "schematic",
    "tabId": "98cfe13509bc1f5c@8c5d0d86032348a0a6c85102fe97607e"
  },
  "warnings": [
    "2 pre-existing geometry finding(s) retained as diagnostics; this validates the added wire, not the whole page."
  ],
  "seq": 885,
  "seqAbandoned": 5,
  "abandonedIds": [
    "req_29",
    "req_1003",
    "req_1117",
    "req_1124",
    "req_1140"
  ]
}
提示: 手工画线可能被 EasyEDA 与共线导线自动合并成多网短路(sch check 不报)。跑 `easyeda sch bridge-check` + `easyeda sch read` 逐网对账确认。
{
  "id": "req_121",
  "type": "response",
  "version": "v1",
  "createdAt": "2026-10-07T00:48:16.2481908Z",
  "ok": true,
  "result": {
    "component": {
      "addIntoBom": true,
      "addIntoPcb": true,
      "component": {
        "libraryUuid": "0819f05c4eef4c71ace90d822a990e87",
        "name": "Netport-BI",
        "uuid": "c0018be1ba29e002"
      },
      "componentType": "netport",
      "device": {
        "libraryUuid": "0819f05c4eef4c71ace90d822a990e87",
        "name": "USB_DM_CONN",
        "uuid": "c0018be1ba29e002"
      },
      "mirror": false,
      "name": "USB_DM_CONN",
      "net": "USB_DM_CONN",
      "otherProperty": {
        "Description": "Netport-BI",
        "Relevance": ""
      },
      "primitiveId": "cff9fe8ef63824f0",
      "rotation": 0,
      "subPartName": "pid8a0e77bacb214e",
      "symbol": {
        "libraryUuid": "0819f05c4eef4c71ace90d822a990e87",
        "name": "Netport-BI",
        "uuid": "9e5208e18122c23f"
      },
      "x": 1790,
      "y": 850
    },
    "primitiveId": "cff9fe8ef63824f0"
  },
  "context": {
    "projectUuid": "8c5d0d86032348a0a6c85102fe97607e",
    "projectName": "AI_figure",
    "documentUuid": "98cfe13509bc1f5c",
    "documentType": "schematic",
    "tabId": "98cfe13509bc1f5c@8c5d0d86032348a0a6c85102fe97607e"
  },
  "seq": 887,
  "seqAbandoned": 5,
  "abandonedIds": [
    "req_29",
    "req_1003",
    "req_1117",
    "req_1124",
    "req_1140"
  ]
}
⚠ 2 pre-existing geometry finding(s) retained as diagnostics; this validates the added wire, not the whole page.
{
  "id": "req_122",
  "type": "response",
  "version": "v1",
  "createdAt": "2026-10-07T00:48:17.3798677Z",
  "ok": true,
  "result": {
    "geometryGuard": {
      "baselineFindings": [
        {
          "type": "pin-exit-direction",
          "level": "ERROR",
          "designator": "J4",
          "primitiveId": "77744783f98bf8c6",
          "wirePrimitiveId": "f7d195ede2a64fa8",
          "pins": [
            "1"
          ],
          "message": "pin 1 outward rotation 90° requires its first wire segment to leave outward; segment 0 (330,260)→(265,260) does not",
          "at": {
            "x": 265,
            "y": 260
          },
          "segment": [
            {
              "x": 330,
              "y": 260
            },
            {
              "x": 265,
              "y": 260
            }
          ]
        },
        {
          "type": "pin-exit-direction",
          "level": "ERROR",
          "designator": "J4",
          "primitiveId": "77744783f98bf8c6",
          "wirePrimitiveId": "75712bb4840a7984",
          "pins": [
            "2"
          ],
          "message": "pin 2 outward rotation 90° requires its first wire segment to leave outward; segment 0 (210,260)→(255,260) does not",
          "at": {
            "x": 255.00000000000003,
            "y": 260
          },
          "segment": [
            {
              "x": 210,
              "y": 260
            },
            {
              "x": 255,
              "y": 260
            }
          ]
        }
      ],
      "passed": true,
      "phase": "readback",
      "preexistingFindings": 2,
      "readbackAttempts": 1,
      "scope": "pin-exit-direction/wire-through-body/wire-coverage/wire-contact-topology"
    },
    "line": [
      [
        1735,
        845,
        1715,
        845
      ],
      [
        1735,
        830,
        1735,
        845
      ],
      [
        1790,
        830,
        1735,
        830
      ]
    ],
    "net": "",
    "primitiveId": "d5ee45713f6d13ab"
  },
  "context": {
    "projectUuid": "8c5d0d86032348a0a6c85102fe97607e",
    "projectName": "AI_figure",
    "documentUuid": "98cfe13509bc1f5c",
    "documentType": "schematic",
    "tabId": "98cfe13509bc1f5c@8c5d0d86032348a0a6c85102fe97607e"
  },
  "warnings": [
    "2 pre-existing geometry finding(s) retained as diagnostics; this validates the added wire, not the whole page."
  ],
  "seq": 889,
  "seqAbandoned": 5,
  "abandonedIds": [
    "req_29",
    "req_1003",
    "req_1117",
    "req_1124",
    "req_1140"
  ]
}
提示: 手工画线可能被 EasyEDA 与共线导线自动合并成多网短路(sch check 不报)。跑 `easyeda sch bridge-check` + `easyeda sch read` 逐网对账确认。
{
  "id": "req_123",
  "type": "response",
  "version": "v1",
  "createdAt": "2026-10-07T00:48:17.7180976Z",
  "ok": true,
  "result": {
    "component": {
      "addIntoBom": true,
      "addIntoPcb": true,
      "component": {
        "libraryUuid": "0819f05c4eef4c71ace90d822a990e87",
        "name": "Netport-BI",
        "uuid": "c0018be1ba29e002"
      },
      "componentType": "netport",
      "device": {
        "libraryUuid": "0819f05c4eef4c71ace90d822a990e87",
        "name": "VBUS_USB",
        "uuid": "c0018be1ba29e002"
      },
      "mirror": false,
      "name": "VBUS_USB",
      "net": "VBUS_USB",
      "otherProperty": {
        "Description": "Netport-BI",
        "Relevance": ""
      },
      "primitiveId": "93a68598c3600781",
      "rotation": 0,
      "subPartName": "pid8a0e77bacb214e",
      "symbol": {
        "libraryUuid": "0819f05c4eef4c71ace90d822a990e87",
        "name": "Netport-BI",
        "uuid": "9e5208e18122c23f"
      },
      "x": 1790,
      "y": 830
    },
    "primitiveId": "93a68598c3600781"
  },
  "context": {
    "projectUuid": "8c5d0d86032348a0a6c85102fe97607e",
    "projectName": "AI_figure",
    "documentUuid": "98cfe13509bc1f5c",
    "documentType": "schematic",
    "tabId": "98cfe13509bc1f5c@8c5d0d86032348a0a6c85102fe97607e"
  },
  "seq": 891,
  "seqAbandoned": 5,
  "abandonedIds": [
    "req_29",
    "req_1003",
    "req_1117",
    "req_1124",
    "req_1140"
  ]
}
⚠ 2 pre-existing geometry finding(s) retained as diagnostics; this validates the added wire, not the whole page.
{
  "id": "req_124",
  "type": "response",
  "version": "v1",
  "createdAt": "2026-10-07T00:48:18.8731409Z",
  "ok": true,
  "result": {
    "geometryGuard": {
      "baselineFindings": [
        {
          "type": "pin-exit-direction",
          "level": "ERROR",
          "designator": "J4",
          "primitiveId": "77744783f98bf8c6",
          "wirePrimitiveId": "f7d195ede2a64fa8",
          "pins": [
            "1"
          ],
          "message": "pin 1 outward rotation 90° requires its first wire segment to leave outward; segment 0 (330,260)→(265,260) does not",
          "at": {
            "x": 265,
            "y": 260
          },
          "segment": [
            {
              "x": 330,
              "y": 260
            },
            {
              "x": 265,
              "y": 260
            }
          ]
        },
        {
          "type": "pin-exit-direction",
          "level": "ERROR",
          "designator": "J4",
          "primitiveId": "77744783f98bf8c6",
          "wirePrimitiveId": "75712bb4840a7984",
          "pins": [
            "2"
          ],
          "message": "pin 2 outward rotation 90° requires its first wire segment to leave outward; segment 0 (210,260)→(255,260) does not",
          "at": {
            "x": 255.00000000000003,
            "y": 260
          },
          "segment": [
            {
              "x": 210,
              "y": 260
            },
            {
              "x": 255,
              "y": 260
            }
          ]
        }
      ],
      "passed": true,
      "phase": "readback",
      "preexistingFindings": 2,
      "readbackAttempts": 1,
      "scope": "pin-exit-direction/wire-through-body/wire-coverage/wire-contact-topology"
    },
    "line": [
      [
        1725,
        835,
        1715,
        835
      ],
      [
        1725,
        810,
        1725,
        835
      ],
      [
        1790,
        810,
        1725,
        810
      ]
    ],
    "net": "",
    "primitiveId": "470382185453ade2"
  },
  "context": {
    "projectUuid": "8c5d0d86032348a0a6c85102fe97607e",
    "projectName": "AI_figure",
    "documentUuid": "98cfe13509bc1f5c",
    "documentType": "schematic",
    "tabId": "98cfe13509bc1f5c@8c5d0d86032348a0a6c85102fe97607e"
  },
  "warnings": [
    "2 pre-existing geometry finding(s) retained as diagnostics; this validates the added wire, not the whole page."
  ],
  "seq": 893,
  "seqAbandoned": 5,
  "abandonedIds": [
    "req_29",
    "req_1003",
    "req_1117",
    "req_1124",
    "req_1140"
  ]
}
提示: 手工画线可能被 EasyEDA 与共线导线自动合并成多网短路(sch check 不报)。跑 `easyeda sch bridge-check` + `easyeda sch read` 逐网对账确认。
{
  "id": "req_125",
  "type": "response",
  "version": "v1",
  "createdAt": "2026-10-07T00:48:19.2217996Z",
  "ok": true,
  "result": {
    "component": {
      "addIntoBom": true,
      "addIntoPcb": true,
      "component": {
        "libraryUuid": "0819f05c4eef4c71ace90d822a990e87",
        "name": "Netport-BI",
        "uuid": "c0018be1ba29e002"
      },
      "componentType": "netport",
      "device": {
        "libraryUuid": "0819f05c4eef4c71ace90d822a990e87",
        "name": "GND",
        "uuid": "c0018be1ba29e002"
      },
      "mirror": false,
      "name": "GND",
      "net": "GND",
      "otherProperty": {
        "Description": "Netport-BI",
        "Relevance": ""
      },
      "primitiveId": "a706fea457fe1abd",
      "rotation": 0,
      "subPartName": "pid8a0e77bacb214e",
      "symbol": {
        "libraryUuid": "0819f05c4eef4c71ace90d822a990e87",
        "name": "Netport-BI",
        "uuid": "9e5208e18122c23f"
      },
      "x": 1790,
      "y": 810
    },
    "primitiveId": "a706fea457fe1abd"
  },
  "context": {
    "projectUuid": "8c5d0d86032348a0a6c85102fe97607e",
    "projectName": "AI_figure",
    "documentUuid": "98cfe13509bc1f5c",
    "documentType": "schematic",
    "tabId": "98cfe13509bc1f5c@8c5d0d86032348a0a6c85102fe97607e"
  },
  "seq": 895,
  "seqAbandoned": 5,
  "abandonedIds": [
    "req_29",
    "req_1003",
    "req_1117",
    "req_1124",
    "req_1140"
  ]
}
⚠ 2 pre-existing geometry finding(s) retained as diagnostics; this validates the added wire, not the whole page.
{
  "id": "req_126",
  "type": "response",
  "version": "v1",
  "createdAt": "2026-10-07T00:48:20.4099391Z",
  "ok": true,
  "result": {
    "geometryGuard": {
      "baselineFindings": [
        {
          "type": "pin-exit-direction",
          "level": "ERROR",
          "designator": "J4",
          "primitiveId": "77744783f98bf8c6",
          "wirePrimitiveId": "f7d195ede2a64fa8",
          "pins": [
            "1"
          ],
          "message": "pin 1 outward rotation 90° requires its first wire segment to leave outward; segment 0 (330,260)→(265,260) does not",
          "at": {
            "x": 265,
            "y": 260
          },
          "segment": [
            {
              "x": 330,
              "y": 260
            },
            {
              "x": 265,
              "y": 260
            }
          ]
        },
        {
          "type": "pin-exit-direction",
          "level": "ERROR",
          "designator": "J4",
          "primitiveId": "77744783f98bf8c6",
          "wirePrimitiveId": "75712bb4840a7984",
          "pins": [
            "2"
          ],
          "message": "pin 2 outward rotation 90° requires its first wire segment to leave outward; segment 0 (210,260)→(255,260) does not",
          "at": {
            "x": 255.00000000000003,
            "y": 260
          },
          "segment": [
            {
              "x": 210,
              "y": 260
            },
            {
              "x": 255,
              "y": 260
            }
          ]
        }
      ],
      "passed": true,
      "phase": "readback",
      "preexistingFindings": 2,
      "readbackAttempts": 1,
      "scope": "pin-exit-direction/wire-through-body/wire-coverage/wire-contact-topology"
    },
    "line": [
      [
        1670,
        945,
        1670,
        925
      ]
    ],
    "net": "",
    "primitiveId": "cc1cf99dcb2bb42e"
  },
  "context": {
    "projectUuid": "8c5d0d86032348a0a6c85102fe97607e",
    "projectName": "AI_figure",
    "documentUuid": "98cfe13509bc1f5c",
    "documentType": "schematic",
    "tabId": "98cfe13509bc1f5c@8c5d0d86032348a0a6c85102fe97607e"
  },
  "warnings": [
    "2 pre-existing geometry finding(s) retained as diagnostics; this validates the added wire, not the whole page."
  ],
  "seq": 897,
  "seqAbandoned": 5,
  "abandonedIds": [
    "req_29",
    "req_1003",
    "req_1117",
    "req_1124",
    "req_1140"
  ]
}
提示: 手工画线可能被 EasyEDA 与共线导线自动合并成多网短路(sch check 不报)。跑 `easyeda sch bridge-check` + `easyeda sch read` 逐网对账确认。
{
  "id": "req_127",
  "type": "response",
  "version": "v1",
  "createdAt": "2026-10-07T00:48:21.5439764Z",
  "ok": true,
  "result": {
    "component": {
      "addIntoBom": true,
      "addIntoPcb": true,
      "component": {
        "libraryUuid": "0819f05c4eef4c71ace90d822a990e87",
        "name": "Ground-GND",
        "uuid": "a0dc0d1157fd6070"
      },
      "componentType": "netflag",
      "device": {
        "libraryUuid": "0819f05c4eef4c71ace90d822a990e87",
        "name": "GND",
        "uuid": "a0dc0d1157fd6070"
      },
      "mirror": false,
      "name": "GND",
      "net": "GND",
      "otherProperty": {
        "Description": "",
        "Global Net Name": "GND",
        "Relevance": "[]"
      },
      "primitiveId": "4f409681b06f12e6",
      "rotation": 180,
      "subPartName": "pid8a0e77bacb214e",
      "symbol": {
        "libraryUuid": "0819f05c4eef4c71ace90d822a990e87",
        "name": "Ground-GND",
        "uuid": "0d57f11c88e5f1ad"
      },
      "x": 1670,
      "y": 945
    },
    "primitiveId": "4f409681b06f12e6"
  },
  "context": {
    "projectUuid": "8c5d0d86032348a0a6c85102fe97607e",
    "projectName": "AI_figure",
    "documentUuid": "98cfe13509bc1f5c",
    "documentType": "schematic",
    "tabId": "98cfe13509bc1f5c@8c5d0d86032348a0a6c85102fe97607e"
  },
  "seq": 899,
  "seqAbandoned": 5,
  "abandonedIds": [
    "req_29",
    "req_1003",
    "req_1117",
    "req_1124",
    "req_1140"
  ]
}
