wire [[1625,905],[1615,905],[1615,930],[1550,930]] -> "ok": true
flag GND (1550,930) r180 -> "ok": true
wire [[1625,895],[1605,895],[1605,910],[1550,910]] -> "ok": true
flag VBUS_USB (1550,910) r180 -> "ok": true
wire [[1625,885],[1595,885],[1595,890],[1550,890]] -> "ok": true
flag USB_CC2 (1550,890) r180 -> "ok": true
wire [[1625,875],[1585,875],[1585,870],[1550,870]] -> "ok": true
flag USB_DP_CONN (1550,870) r180 -> "ok": true
wire [[1625,865],[1595,865],[1595,850],[1550,850]] -> "ok": true
flag USB_DM_CONN (1550,850) r180 -> "ok": true
wire [[1625,845],[1605,845],[1605,830],[1550,830]] -> "ok": true
flag VBUS_USB (1550,830) r180 -> "ok": true
wire [[1625,835],[1615,835],[1615,810],[1550,810]] -> "ok": true
flag GND (1550,810) r180 -> "ok": true
wire [[1715,905],[1725,905],[1725,930],[1790,930]] -> "ok": true
flag GND (1790,930) r0 -> "ok": true
wire [[1715,895],[1735,895],[1735,910],[1790,910]] -> "ok": true
flag VBUS_USB (1790,910) r0 -> "ok": true
wire [[1715,885],[1745,885],[1745,890],[1790,890]] -> "ok": true
flag USB_CC1 (1790,890) r0 -> "ok": true
wire [[1715,875],[1755,875],[1755,870],[1790,870]] -> "ok": true
flag USB_DP_CONN (1790,870) r0 -> "ok": true
wire [[1715,865],[1745,865],[1745,850],[1790,850]] -> "ok": true
flag USB_DM_CONN (1790,850) r0 -> "ok": true
wire [[1715,845],[1735,845],[1735,830],[1790,830]] -> "ok": true
flag VBUS_USB (1790,830) r0 -> "ok": true
wire [[1715,835],[1725,835],[1725,810],[1790,810]] -> "ok": true
flag GND (1790,810) r0 -> "ok": true
wire [[1670,925],[1670,945]] -> "ok": true
flag GND (1670,945) r180 -> "ok": true
